Archive member included because of file (symbol)

G:/3_PROGRAMOWANIE/8_C_AVR_Embeded/0_EclipseWorkspace/freeRTOS823_Static_Library/Debug/libfreeRTOS823_Static_Library.a(port.o)
                              ./OS/Tasks/MeasurementTask/MeasurementTask.o (vPortYield)
G:/3_PROGRAMOWANIE/8_C_AVR_Embeded/0_EclipseWorkspace/freeRTOS823_Static_Library/Debug/libfreeRTOS823_Static_Library.a(system_tick.o)
                              G:/3_PROGRAMOWANIE/8_C_AVR_Embeded/0_EclipseWorkspace/freeRTOS823_Static_Library/Debug/libfreeRTOS823_Static_Library.a(port.o) (system_tick)
G:/3_PROGRAMOWANIE/8_C_AVR_Embeded/0_EclipseWorkspace/freeRTOS823_Static_Library/Debug/libfreeRTOS823_Static_Library.a(system_time.o)
                              G:/3_PROGRAMOWANIE/8_C_AVR_Embeded/0_EclipseWorkspace/freeRTOS823_Static_Library/Debug/libfreeRTOS823_Static_Library.a(system_tick.o) (__system_time)
G:/3_PROGRAMOWANIE/8_C_AVR_Embeded/0_EclipseWorkspace/freeRTOS823_Static_Library/Debug/libfreeRTOS823_Static_Library.a(serial.o)
                              ./Application/SensorManagement/SensorManager.o (xSerialPrint_P)
G:/3_PROGRAMOWANIE/8_C_AVR_Embeded/0_EclipseWorkspace/freeRTOS823_Static_Library/Debug/libfreeRTOS823_Static_Library.a(twi.o)
                              ./drivers/utils/wire/TwiManager.o (twi_init)
G:/3_PROGRAMOWANIE/8_C_AVR_Embeded/0_EclipseWorkspace/freeRTOS823_Static_Library/Debug/libfreeRTOS823_Static_Library.a(heap_2.o)
                              ./drivers/sensors/tempHumidityDHT22/DhtTalker.o (pvPortMalloc)
G:/3_PROGRAMOWANIE/8_C_AVR_Embeded/0_EclipseWorkspace/freeRTOS823_Static_Library/Debug/libfreeRTOS823_Static_Library.a(queue.o)
                              ./main.o (xQueueCreateMutex)
G:/3_PROGRAMOWANIE/8_C_AVR_Embeded/0_EclipseWorkspace/freeRTOS823_Static_Library/Debug/libfreeRTOS823_Static_Library.a(tasks.o)
                              G:/3_PROGRAMOWANIE/8_C_AVR_Embeded/0_EclipseWorkspace/freeRTOS823_Static_Library/Debug/libfreeRTOS823_Static_Library.a(port.o) (pxCurrentTCB)
G:/3_PROGRAMOWANIE/8_C_AVR_Embeded/0_EclipseWorkspace/freeRTOS823_Static_Library/Debug/libfreeRTOS823_Static_Library.a(hooks.o)
                              G:/3_PROGRAMOWANIE/8_C_AVR_Embeded/0_EclipseWorkspace/freeRTOS823_Static_Library/Debug/libfreeRTOS823_Static_Library.a(tasks.o) (vApplicationIdleHook)
G:/3_PROGRAMOWANIE/8_C_AVR_Embeded/0_EclipseWorkspace/freeRTOS823_Static_Library/Debug/libfreeRTOS823_Static_Library.a(list.o)
                              G:/3_PROGRAMOWANIE/8_C_AVR_Embeded/0_EclipseWorkspace/freeRTOS823_Static_Library/Debug/libfreeRTOS823_Static_Library.a(queue.o) (vListInitialise)
c:/winavr-20100110/bin/../lib/gcc/avr/4.3.3/avr5\libgcc.a(_mulsi3.o)
                              ./drivers/utils/adc/AdcManager.o (__mulsi3)
c:/winavr-20100110/bin/../lib/gcc/avr/4.3.3/avr5\libgcc.a(_udivmodhi4.o)
                              ./drivers/sensors/tempHumidityDHT22/TempHumiditySensor.o (__udivmodhi4)
c:/winavr-20100110/bin/../lib/gcc/avr/4.3.3/avr5\libgcc.a(_divmodhi4.o)
                              ./drivers/sensors/RainSensor/RainSensor.o (__divmodhi4)
c:/winavr-20100110/bin/../lib/gcc/avr/4.3.3/avr5\libgcc.a(_udivmodsi4.o)
                              ./drivers/sensors/RainSensor/RainSensor.o (__udivmodsi4)
c:/winavr-20100110/bin/../lib/gcc/avr/4.3.3/avr5\libgcc.a(_divmodsi4.o)
                              ./drivers/sensors/PressureSensorBMP180/PressureSensor.o (__divmodsi4)
c:/winavr-20100110/bin/../lib/gcc/avr/4.3.3/avr5\libgcc.a(_prologue.o)
                              ./drivers/utils/wire/TwiManager.o (__prologue_saves__)
c:/winavr-20100110/bin/../lib/gcc/avr/4.3.3/avr5\libgcc.a(_epilogue.o)
                              ./drivers/utils/wire/TwiManager.o (__epilogue_restores__)
c:/winavr-20100110/bin/../lib/gcc/avr/4.3.3/avr5\libgcc.a(_exit.o)
                              c:/winavr-20100110/bin/../lib/gcc/avr/4.3.3/../../../../avr/lib/avr5/crtm32.o (exit)
c:/winavr-20100110/bin/../lib/gcc/avr/4.3.3/avr5\libgcc.a(_copy_data.o)
                              ./drivers/utils/wire/TwiManager.o (__do_copy_data)
c:/winavr-20100110/bin/../lib/gcc/avr/4.3.3/avr5\libgcc.a(_clear_bss.o)
                              ./drivers/utils/wire/TwiManager.o (__do_clear_bss)
c:/winavr-20100110/bin/../lib/gcc/avr/4.3.3/avr5\libgcc.a(_fixunssfsi.o)
                              G:/3_PROGRAMOWANIE/8_C_AVR_Embeded/0_EclipseWorkspace/freeRTOS823_Static_Library/Debug/libfreeRTOS823_Static_Library.a(serial.o) (__fixunssfsi)
c:/winavr-20100110/bin/../lib/gcc/avr/4.3.3/avr5\libgcc.a(_addsub_sf.o)
                              c:/winavr-20100110/bin/../lib/gcc/avr/4.3.3/avr5\libgcc.a(_fixunssfsi.o) (__subsf3)
c:/winavr-20100110/bin/../lib/gcc/avr/4.3.3/avr5\libgcc.a(_mul_sf.o)
                              G:/3_PROGRAMOWANIE/8_C_AVR_Embeded/0_EclipseWorkspace/freeRTOS823_Static_Library/Debug/libfreeRTOS823_Static_Library.a(serial.o) (__mulsf3)
[...]
Memory Configuration

Name             Origin             Length             Attributes
text             0x00000000         0x00020000         xr
data             0x00800060         0x0000ffa0         rw !x
eeprom           0x00810000         0x00010000         rw !x
fuse             0x00820000         0x00000400         rw !x
lock             0x00830000         0x00000400         rw !x
signature        0x00840000         0x00000400         rw !x
*default*        0x00000000         0xffffffff

Linker script and memory map

LOAD c:/winavr-20100110/bin/../lib/gcc/avr/4.3.3/../../../../avr/lib/avr5/crtm32.o
LOAD ./drivers/utils/wire/TwiManager.o
LOAD ./drivers/utils/adc/AdcManager.o
LOAD ./drivers/sensors/tempHumidityDHT22/DhtTalker.o
LOAD ./drivers/sensors/tempHumidityDHT22/TempHumiditySensor.o
LOAD ./drivers/sensors/RainSensor/RainSensor.o
LOAD ./drivers/sensors/PressureSensorBMP180/PressureSensor.o
LOAD ./drivers/sensors/LightSensorBH1750/LightSensor.o
LOAD ./drivers/sensors/DustSharpGp2y10/DustSensor.o
LOAD ./drivers/sensors/ISensor.o
LOAD ./OS/Tasks/Utils/TaskStatsProvider.o
LOAD ./OS/Tasks/MeasurementTask/MeasurementTask.o
LOAD ./OS/Tasks/BlinkTask/BlinkTask.o
LOAD ./Configuration/Globals.o
LOAD ./Application/SensorManagement/SensorManager.o
LOAD ./main.o
LOAD G:/3_PROGRAMOWANIE/8_C_AVR_Embeded/0_EclipseWorkspace/freeRTOS823_Static_Library/Debug/libfreeRTOS823_Static_Library.a
LOAD c:/winavr-20100110/bin/../lib/gcc/avr/4.3.3/avr5\libgcc.a
LOAD c:/winavr-20100110/bin/../lib/gcc/avr/4.3.3/../../../../avr/lib/avr5\libm.a
LOAD c:/winavr-20100110/bin/../lib/gcc/avr/4.3.3/avr5\libgcc.a
LOAD c:/winavr-20100110/bin/../lib/gcc/avr/4.3.3/../../../../avr/lib/avr5\libc.a
LOAD c:/winavr-20100110/bin/../lib/gcc/avr/4.3.3/avr5\libgcc.a

.hash
 *(.hash)

.dynsym
 *(.dynsym)

.dynstr
 *(.dynstr)

.gnu.version
 *(.gnu.version)

.gnu.version_d
 *(.gnu.version_d)

.gnu.version_r
 *(.gnu.version_r)

.rel.init
 *(.rel.init)

.rela.init
 *(.rela.init)

.rel.text
 *(.rel.text)
 *(.rel.text.*)
 *(.rel.gnu.linkonce.t*)

.rela.text
 *(.rela.text)
 *(.rela.text.*)
 *(.rela.gnu.linkonce.t*)

.rel.fini
 *(.rel.fini)

.rela.fini
 *(.rela.fini)

.rel.rodata
 *(.rel.rodata)
 *(.rel.rodata.*)
 *(.rel.gnu.linkonce.r*)

.rela.rodata
 *(.rela.rodata)
 *(.rela.rodata.*)
 *(.rela.gnu.linkonce.r*)

.rel.data
 *(.rel.data)
 *(.rel.data.*)
 *(.rel.gnu.linkonce.d*)

.rela.data
 *(.rela.data)
 *(.rela.data.*)
 *(.rela.gnu.linkonce.d*)

.rel.ctors
 *(.rel.ctors)

.rela.ctors
 *(.rela.ctors)

.rel.dtors
 *(.rel.dtors)

.rela.dtors
 *(.rela.dtors)

.rel.got
 *(.rel.got)

.rela.got
 *(.rela.got)

.rel.bss
 *(.rel.bss)

.rela.bss
 *(.rela.bss)

.rel.plt
 *(.rel.plt)

.rela.plt
 *(.rela.plt)

.text           0x00000000     0x76f4
 *(.vectors)
 .vectors       0x00000000       0x54 c:/winavr-20100110/bin/../lib/gcc/avr/4.3.3/../../../../avr/lib/avr5/crtm32.o
                0x00000000                __vectors
                0x00000000                __vector_default
 *(.vectors)
 *(.progmem.gcc*)
 *(.progmem*)
 .progmem.data  0x00000054       0xb9 ./drivers/sensors/tempHumidityDHT22/DhtTalker.o
 .progmem.data  0x0000010d       0x3e ./drivers/sensors/PressureSensorBMP180/PressureSensor.o
 .progmem.data  0x0000014b       0x3a ./drivers/sensors/LightSensorBH1750/LightSensor.o
 .progmem.data  0x00000185       0x44 ./drivers/sensors/DustSharpGp2y10/DustSensor.o
 .progmem.data  0x000001c9       0x34 ./OS/Tasks/Utils/TaskStatsProvider.o
 .progmem.data  0x000001fd       0x69 ./OS/Tasks/MeasurementTask/MeasurementTask.o
 .progmem.data  0x00000266       0x4e ./Application/SensorManagement/SensorManager.o
 .progmem.data  0x000002b4       0xc7 ./main.o
                0x0000037c                . = ALIGN (0x2)
 *fill*         0x0000037b        0x1 00
                0x0000037c                __trampolines_start = .
 *(.trampolines)
 .trampolines   0x0000037c        0x0 linker stubs
 *(.trampolines*)
                0x0000037c                __trampolines_end = .
 *(.jumptables)
 *(.jumptables*)
 *(.lowtext)
 *(.lowtext*)
                0x0000037c                __ctors_start = .
 *(.ctors)
                0x0000037c                __ctors_end = .
                0x0000037c                __dtors_start = .
 *(.dtors)
                0x0000037c                __dtors_end = .
 SORT(*)(.ctors)
 SORT(*)(.dtors)
 *(.init0)
 .init0         0x0000037c        0x0 c:/winavr-20100110/bin/../lib/gcc/avr/4.3.3/../../../../avr/lib/avr5/crtm32.o
                0x0000037c                __init
 *(.init0)
 *(.init1)
 *(.init1)
 *(.init2)
 .init2         0x0000037c        0xc c:/winavr-20100110/bin/../lib/gcc/avr/4.3.3/../../../../avr/lib/avr5/crtm32.o
 *(.init2)
 *(.init3)
 *(.init3)
 *(.init4)
 .init4         0x00000388       0x16 c:/winavr-20100110/bin/../lib/gcc/avr/4.3.3/avr5\libgcc.a(_copy_data.o)
                0x00000388                __do_copy_data
 .init4         0x0000039e       0x10 c:/winavr-20100110/bin/../lib/gcc/avr/4.3.3/avr5\libgcc.a(_clear_bss.o)
                0x0000039e                __do_clear_bss
 *(.init4)
 *(.init5)
 *(.init5)
 *(.init6)
 *(.init6)
 *(.init7)
 *(.init7)
 *(.init8)
 *(.init8)
 *(.init9)
 .init9         0x000003ae        0x8 c:/winavr-20100110/bin/../lib/gcc/avr/4.3.3/../../../../avr/lib/avr5/crtm32.o
 *(.init9)
 *(.text)
 .text          0x000003b6        0x2 c:/winavr-20100110/bin/../lib/gcc/avr/4.3.3/../../../../avr/lib/avr5/crtm32.o
                0x000003b6                __vector_1
                0x000003b6                __vector_12
                0x000003b6                __bad_interrupt
                0x000003b6                __vector_6
                0x000003b6                __vector_3
                0x000003b6                __vector_11
                0x000003b6                __vector_17
                0x000003b6                __vector_5
                0x000003b6                __vector_4
                0x000003b6                __vector_9
                0x000003b6                __vector_2
                0x000003b6                __vector_15
                0x000003b6                __vector_8
                0x000003b6                __vector_10
                0x000003b6                __vector_16
                0x000003b6                __vector_18
                0x000003b6                __vector_20
 .text          0x000003b8       0x38 G:/3_PROGRAMOWANIE/8_C_AVR_Embeded/0_EclipseWorkspace/freeRTOS823_Static_Library/Debug/libfreeRTOS823_Static_Library.a(system_tick.o)
                0x000003b8                system_tick
 .text          0x000003f0       0x50 c:/winavr-20100110/bin/../lib/gcc/avr/4.3.3/avr5\libgcc.a(_fixunssfsi.o)
                0x000003f0                __fixunssfsi
 .text          0x00000440      0x344 c:/winavr-20100110/bin/../lib/gcc/avr/4.3.3/avr5\libgcc.a(_addsub_sf.o)
                0x000006d8                __subsf3
                0x00000732                __addsf3
 .text          0x00000784      0x1ee c:/winavr-20100110/bin/../lib/gcc/avr/4.3.3/avr5\libgcc.a(_mul_sf.o)
                0x00000784                __mulsf3
 .text          0x00000972      0x152 c:/winavr-20100110/bin/../lib/gcc/avr/4.3.3/avr5\libgcc.a(_div_sf.o)
                0x00000972                __divsf3
 .text          0x00000ac4       0x5a c:/winavr-20100110/bin/../lib/gcc/avr/4.3.3/avr5\libgcc.a(_gt_sf.o)
                0x00000ac4                __gtsf2
 .text          0x00000b1e       0x5a c:/winavr-20100110/bin/../lib/gcc/avr/4.3.3/avr5\libgcc.a(_ge_sf.o)
                0x00000b1e                __gesf2
 .text          0x00000b78       0x5a c:/winavr-20100110/bin/../lib/gcc/avr/4.3.3/avr5\libgcc.a(_lt_sf.o)
                0x00000b78                __ltsf2
 .text          0x00000bd2       0xa6 c:/winavr-20100110/bin/../lib/gcc/avr/4.3.3/avr5\libgcc.a(_sf_to_si.o)
                0x00000bd2                __fixsfsi
 .text          0x00000c78      0x1aa c:/winavr-20100110/bin/../lib/gcc/avr/4.3.3/avr5\libgcc.a(_pack_sf.o)
                0x00000c78                __pack_f
 .text          0x00000e22       0xf0 c:/winavr-20100110/bin/../lib/gcc/avr/4.3.3/avr5\libgcc.a(_unpack_sf.o)
                0x00000e22                __unpack_f
 .text          0x00000f12       0xb2 c:/winavr-20100110/bin/../lib/gcc/avr/4.3.3/avr5\libgcc.a(_fpcmp_parts_sf.o)
                0x00000f12                __fpcmp_parts_f
                0x00000fc4                . = ALIGN (0x2)
 *(.text.*)
 .text._ZN7drivers7sensors10TwiManagerC1ERKNS1_13ConfigurationE
                0x00000fc4       0x14 ./drivers/utils/wire/TwiManager.o
                0x00000fc4                drivers::sensors::TwiManager::TwiManager(drivers::sensors::TwiManager::Configuration const&)
 .text._ZN7drivers7sensors10TwiManagerD1Ev
                0x00000fd8        0xc ./drivers/utils/wire/TwiManager.o
                0x00000fd8                drivers::sensors::TwiManager::~TwiManager()
 .text._ZN7drivers7sensors10TwiManager17wasI2cInitializedEv
                0x00000fe4       0x10 ./drivers/utils/wire/TwiManager.o
                0x00000fe4                drivers::sensors::TwiManager::wasI2cInitialized()
 .text._ZN7drivers7sensors10TwiManager17beginTransmissionEh
                0x00000ff4       0x14 ./drivers/utils/wire/TwiManager.o
                0x00000ff4                drivers::sensors::TwiManager::beginTransmission(unsigned char)
 .text._ZN7drivers7sensors10TwiManager4readEv
                0x00001008       0x26 ./drivers/utils/wire/TwiManager.o
                0x00001008                drivers::sensors::TwiManager::read()
 .text._ZN7drivers7sensors10TwiManager16onReceiveServiceEPhi
                0x0000102e       0x68 ./drivers/utils/wire/TwiManager.o
                0x0000102e                drivers::sensors::TwiManager::onReceiveService(unsigned char*, int)
 .text._ZN7drivers7sensors10TwiManager16onRequestServiceEv
                0x00001096       0x18 ./drivers/utils/wire/TwiManager.o
                0x00001096                drivers::sensors::TwiManager::onRequestService()
 .text._ZN7drivers7sensors10TwiManager5writeEh
                0x000010ae       0x54 ./drivers/utils/wire/TwiManager.o
                0x000010ae                drivers::sensors::TwiManager::write(unsigned char)
 .text._ZN7drivers7sensors10TwiManager11requestFromEhhh
                0x00001102       0x2a ./drivers/utils/wire/TwiManager.o
                0x00001102                drivers::sensors::TwiManager::requestFrom(unsigned char, unsigned char, unsigned char)
 .text._ZN7drivers7sensors10TwiManager15endTransmissionEh
                0x0000112c       0x26 ./drivers/utils/wire/TwiManager.o
                0x0000112c                drivers::sensors::TwiManager::endTransmission(unsigned char)
 .text._ZN7drivers7sensors10TwiManager10initializeEv
                0x00001152       0x42 ./drivers/utils/wire/TwiManager.o
                0x00001152                drivers::sensors::TwiManager::initialize()
 .text._ZN7drivers7sensors10TwiManagerD0Ev
                0x00001194       0x10 ./drivers/utils/wire/TwiManager.o
                0x00001194                drivers::sensors::TwiManager::~TwiManager()
 .text._ZN7drivers7sensors10AdcManagerC1ERKNS1_13ConfigurationE
                0x000011a4       0x1c ./drivers/utils/adc/AdcManager.o
                0x000011a4                drivers::sensors::AdcManager::AdcManager(drivers::sensors::AdcManager::Configuration const&)
 .text._ZN7drivers7sensors10AdcManagerD1Ev
                0x000011c0        0xc ./drivers/utils/adc/AdcManager.o
                0x000011c0                drivers::sensors::AdcManager::~AdcManager()
 .text._ZN7drivers7sensors10AdcManager9intializeEh
                0x000011cc       0x3a ./drivers/utils/adc/AdcManager.o
                0x000011cc                drivers::sensors::AdcManager::intialize(unsigned char)
 .text._ZN7drivers7sensors10AdcManager12readAdcValueEh
                0x00001206       0x4c ./drivers/utils/adc/AdcManager.o
                0x00001206                drivers::sensors::AdcManager::readAdcValue(unsigned char)
 .text._ZN7drivers7sensors10AdcManagerD0Ev
                0x00001252       0x10 ./drivers/utils/adc/AdcManager.o
                0x00001252                drivers::sensors::AdcManager::~AdcManager()
 .text._ZN7drivers7sensors9DhtTalker15getReceivedDataEv
                0x00001262        0xc ./drivers/sensors/tempHumidityDHT22/DhtTalker.o
                0x00001262                drivers::sensors::DhtTalker::getReceivedData()
 .text._ZN7drivers7sensors9DhtTalker4initEv
                0x0000126e       0x1e ./drivers/sensors/tempHumidityDHT22/DhtTalker.o
                0x0000126e                drivers::sensors::DhtTalker::init()
 .text._ZN7drivers7sensors9DhtTalker3runEv
                0x0000128c       0x82 ./drivers/sensors/tempHumidityDHT22/DhtTalker.o
                0x0000128c                drivers::sensors::DhtTalker::run()
 .text._ZN7drivers7sensors9DhtTalker9stateIdleEv
                0x0000130e        0xe ./drivers/sensors/tempHumidityDHT22/DhtTalker.o
                0x0000130e                drivers::sensors::DhtTalker::stateIdle()
 .text._ZN7drivers7sensors9DhtTalker16getPulseDurationENS1_16VoltagePulseTypeE
                0x0000131c       0x4e ./drivers/sensors/tempHumidityDHT22/DhtTalker.o
                0x0000131c                drivers::sensors::DhtTalker::getPulseDuration(drivers::sensors::DhtTalker::VoltagePulseType)
 .text._ZN7drivers7sensors9DhtTalker10stateErrorEv
                0x0000136a       0x8e ./drivers/sensors/tempHumidityDHT22/DhtTalker.o
                0x0000136a                drivers::sensors::DhtTalker::stateError()
 .text._ZN7drivers7sensors9DhtTalker19stateEvaluatingDataEv
                0x000013f8      0x18c ./drivers/sensors/tempHumidityDHT22/DhtTalker.o
                0x000013f8                drivers::sensors::DhtTalker::stateEvaluatingData()
 .text._ZN7drivers7sensors9DhtTalker18stateReceivingDataEv
                0x00001584       0xf6 ./drivers/sensors/tempHumidityDHT22/DhtTalker.o
                0x00001584                drivers::sensors::DhtTalker::stateReceivingData()
 .text._ZN7drivers7sensors9DhtTalker12statePreInitEv
                0x0000167a       0x42 ./drivers/sensors/tempHumidityDHT22/DhtTalker.o
                0x0000167a                drivers::sensors::DhtTalker::statePreInit()
 .text._ZN7drivers7sensors9DhtTalkerD1Ev
                0x000016bc       0x12 ./drivers/sensors/tempHumidityDHT22/DhtTalker.o
                0x000016bc                drivers::sensors::DhtTalker::~DhtTalker()
 .text._ZN7drivers7sensors9DhtTalkerD0Ev
                0x000016ce       0x24 ./drivers/sensors/tempHumidityDHT22/DhtTalker.o
                0x000016ce                drivers::sensors::DhtTalker::~DhtTalker()
 .text._ZN7drivers7sensors9DhtTalkerC1Ev
                0x000016f2       0x50 ./drivers/sensors/tempHumidityDHT22/DhtTalker.o
                0x000016f2                drivers::sensors::DhtTalker::DhtTalker()
 .text._ZN7drivers7sensors18TempHumiditySensor9getResultENS0_12MeasDataTypeE
                0x00001742       0x7a ./drivers/sensors/tempHumidityDHT22/TempHumiditySensor.o
                0x00001742                drivers::sensors::TempHumiditySensor::getResult(drivers::sensors::MeasDataType)
 .text._ZN7drivers7sensors18TempHumiditySensor3runEv
                0x000017bc       0x10 ./drivers/sensors/tempHumidityDHT22/TempHumiditySensor.o
                0x000017bc                drivers::sensors::TempHumiditySensor::run()
 .text._ZN7drivers7sensors18TempHumiditySensor10initializeEv
                0x000017cc        0x8 ./drivers/sensors/tempHumidityDHT22/TempHumiditySensor.o
                0x000017cc                drivers::sensors::TempHumiditySensor::initialize()
 .text._ZN7drivers7sensors18TempHumiditySensorD1Ev
                0x000017d4       0x10 ./drivers/sensors/tempHumidityDHT22/TempHumiditySensor.o
                0x000017d4                drivers::sensors::TempHumiditySensor::~TempHumiditySensor()
 .text._ZN7drivers7sensors18TempHumiditySensorD0Ev
                0x000017e4       0x22 ./drivers/sensors/tempHumidityDHT22/TempHumiditySensor.o
                0x000017e4                drivers::sensors::TempHumiditySensor::~TempHumiditySensor()
 .text._ZN7drivers7sensors18TempHumiditySensorC1ERKNS1_16DhtConfiguartionE
                0x00001806       0x38 ./drivers/sensors/tempHumidityDHT22/TempHumiditySensor.o
                0x00001806                drivers::sensors::TempHumiditySensor::TempHumiditySensor(drivers::sensors::TempHumiditySensor::DhtConfiguartion const&)
 .text._ZN7drivers7sensors10RainSensor10initializeEv
                0x0000183e        0x4 ./drivers/sensors/RainSensor/RainSensor.o
                0x0000183e                drivers::sensors::RainSensor::initialize()
 .text._ZN7drivers7sensors10RainSensor9getResultENS0_12MeasDataTypeE
                0x00001842        0xc ./drivers/sensors/RainSensor/RainSensor.o
                0x00001842                drivers::sensors::RainSensor::getResult(drivers::sensors::MeasDataType)
 .text._ZN7drivers7sensors10RainSensor18getAverageAdcValueEh
                0x0000184e       0x5c ./drivers/sensors/RainSensor/RainSensor.o
                0x0000184e                drivers::sensors::RainSensor::getAverageAdcValue(unsigned char)
 .text._ZN7drivers7sensors10RainSensor3runEv
                0x000018aa       0x66 ./drivers/sensors/RainSensor/RainSensor.o
                0x000018aa                drivers::sensors::RainSensor::run()
 .text._ZN7drivers7sensors10RainSensorD1Ev
                0x00001910       0x10 ./drivers/sensors/RainSensor/RainSensor.o
                0x00001910                drivers::sensors::RainSensor::~RainSensor()
 .text._ZN7drivers7sensors10RainSensorD0Ev
                0x00001920       0x22 ./drivers/sensors/RainSensor/RainSensor.o
                0x00001920                drivers::sensors::RainSensor::~RainSensor()
 .text._ZN7drivers7sensors10RainSensorC1ERKNS1_17RainConfigurationE
                0x00001942       0x50 ./drivers/sensors/RainSensor/RainSensor.o
                0x00001942                drivers::sensors::RainSensor::RainSensor(drivers::sensors::RainSensor::RainConfiguration const&)
 .text._ZN7drivers7sensors14PressureSensor3runEv
                0x00001992       0x82 ./drivers/sensors/PressureSensorBMP180/PressureSensor.o
                0x00001992                drivers::sensors::PressureSensor::run()
 .text._ZNK7drivers7sensors14PressureSensor14getSensorStateEv
                0x00001a14        0x6 ./drivers/sensors/PressureSensorBMP180/PressureSensor.o
                0x00001a14                drivers::sensors::PressureSensor::getSensorState() const
 .text._ZN7drivers7sensors14PressureSensor9getResultENS0_12MeasDataTypeE
                0x00001a1a       0x30 ./drivers/sensors/PressureSensorBMP180/PressureSensor.o
                0x00001a1a                drivers::sensors::PressureSensor::getResult(drivers::sensors::MeasDataType)
 .text._ZN7drivers7sensors14PressureSensor9stateIdleEv
                0x00001a4a        0xe ./drivers/sensors/PressureSensorBMP180/PressureSensor.o
                0x00001a4a                drivers::sensors::PressureSensor::stateIdle()
 .text._ZN7drivers7sensors14PressureSensor9computeB5Ev
                0x00001a58       0xa4 ./drivers/sensors/PressureSensorBMP180/PressureSensor.o
                0x00001a58                drivers::sensors::PressureSensor::computeB5()
 .text._ZN7drivers7sensors14PressureSensor27statePressureDataEvaluationEv
                0x00001afc      0x2e6 ./drivers/sensors/PressureSensorBMP180/PressureSensor.o
                0x00001afc                drivers::sensors::PressureSensor::statePressureDataEvaluation()
 .text._ZN7drivers7sensors14PressureSensor23stateTempDataEvaluationEv
                0x00001de2       0x4e ./drivers/sensors/PressureSensorBMP180/PressureSensor.o
                0x00001de2                drivers::sensors::PressureSensor::stateTempDataEvaluation()
 .text._ZN7drivers7sensors14PressureSensor12writeCommandEhh
                0x00001e30       0x40 ./drivers/sensors/PressureSensorBMP180/PressureSensor.o
                0x00001e30                drivers::sensors::PressureSensor::writeCommand(unsigned char, unsigned char)
 .text._ZN7drivers7sensors14PressureSensor6read24EhPm
                0x00001e70       0xa0 ./drivers/sensors/PressureSensorBMP180/PressureSensor.o
                0x00001e70                drivers::sensors::PressureSensor::read24(unsigned char, unsigned long*)
 .text._ZN7drivers7sensors14PressureSensor6read16EhPj
                0x00001f10       0x6e ./drivers/sensors/PressureSensorBMP180/PressureSensor.o
                0x00001f10                drivers::sensors::PressureSensor::read16(unsigned char, unsigned int*)
 .text._ZN7drivers7sensors14PressureSensor5read8EhPh
                0x00001f7e       0x5a ./drivers/sensors/PressureSensorBMP180/PressureSensor.o
                0x00001f7e                drivers::sensors::PressureSensor::read8(unsigned char, unsigned char*)
 .text._ZN7drivers7sensors14PressureSensor10stateErrorEv
                0x00001fd8       0x76 ./drivers/sensors/PressureSensorBMP180/PressureSensor.o
                0x00001fd8                drivers::sensors::PressureSensor::stateError()
 .text._ZN7drivers7sensors14PressureSensor21stateReadingCalibDataEv
                0x0000204e      0x10c ./drivers/sensors/PressureSensorBMP180/PressureSensor.o
                0x0000204e                drivers::sensors::PressureSensor::stateReadingCalibData()
 .text._ZN7drivers7sensors14PressureSensor28statePressureDataAcquisitionEv
                0x0000215a       0xb8 ./drivers/sensors/PressureSensorBMP180/PressureSensor.o
                0x0000215a                drivers::sensors::PressureSensor::statePressureDataAcquisition()
 .text._ZN7drivers7sensors14PressureSensor24stateTempDataAcquisitionEv
                0x00002212       0x86 ./drivers/sensors/PressureSensorBMP180/PressureSensor.o
                0x00002212                drivers::sensors::PressureSensor::stateTempDataAcquisition()
 .text._ZN7drivers7sensors14PressureSensor10initializeEv
                0x00002298       0x30 ./drivers/sensors/PressureSensorBMP180/PressureSensor.o
                0x00002298                drivers::sensors::PressureSensor::initialize()
 .text._ZN7drivers7sensors14PressureSensorD1Ev
                0x000022c8       0x2c ./drivers/sensors/PressureSensorBMP180/PressureSensor.o
                0x000022c8                drivers::sensors::PressureSensor::~PressureSensor()
 .text._ZN7drivers7sensors14PressureSensorD0Ev
                0x000022f4       0x30 ./drivers/sensors/PressureSensorBMP180/PressureSensor.o
                0x000022f4                drivers::sensors::PressureSensor::~PressureSensor()
 .text._ZN7drivers7sensors14PressureSensorC1ERKNS1_13ConfigurationE
                0x00002324       0x80 ./drivers/sensors/PressureSensorBMP180/PressureSensor.o
                0x00002324                drivers::sensors::PressureSensor::PressureSensor(drivers::sensors::PressureSensor::Configuration const&)
 .text._ZN7drivers7sensors11LightSensor3runEv
                0x000023a4       0x82 ./drivers/sensors/LightSensorBH1750/LightSensor.o
                0x000023a4                drivers::sensors::LightSensor::run()
 .text._ZNK7drivers7sensors11LightSensor14getSensorStateEv
                0x00002426        0x6 ./drivers/sensors/LightSensorBH1750/LightSensor.o
                0x00002426                drivers::sensors::LightSensor::getSensorState() const
 .text._ZN7drivers7sensors11LightSensor9getResultENS0_12MeasDataTypeE
                0x0000242c        0xc ./drivers/sensors/LightSensorBH1750/LightSensor.o
                0x0000242c                drivers::sensors::LightSensor::getResult(drivers::sensors::MeasDataType)
 .text._ZN7drivers7sensors11LightSensor9stateIdleEv
                0x00002438        0xe ./drivers/sensors/LightSensorBH1750/LightSensor.o
                0x00002438                drivers::sensors::LightSensor::stateIdle()
 .text._ZN7drivers7sensors11LightSensor10stateErrorEv
                0x00002446       0x76 ./drivers/sensors/LightSensorBH1750/LightSensor.o
                0x00002446                drivers::sensors::LightSensor::stateError()
 .text._ZN7drivers7sensors11LightSensor22stateResultAcquisitionEv
                0x000024bc       0x62 ./drivers/sensors/LightSensorBH1750/LightSensor.o
                0x000024bc                drivers::sensors::LightSensor::stateResultAcquisition()
 .text._ZN7drivers7sensors11LightSensor22stateClockingOutResultEv
                0x0000251e       0x8c ./drivers/sensors/LightSensorBH1750/LightSensor.o
                0x0000251e                drivers::sensors::LightSensor::stateClockingOutResult()
 .text._ZN7drivers7sensors11LightSensor10initializeEv
                0x000025aa       0x30 ./drivers/sensors/LightSensorBH1750/LightSensor.o
                0x000025aa                drivers::sensors::LightSensor::initialize()
 .text._ZN7drivers7sensors11LightSensor15stateLoadConfigEv
                0x000025da       0x88 ./drivers/sensors/LightSensorBH1750/LightSensor.o
                0x000025da                drivers::sensors::LightSensor::stateLoadConfig()
 .text._ZN7drivers7sensors11LightSensorD1Ev
                0x00002662       0x22 ./drivers/sensors/LightSensorBH1750/LightSensor.o
                0x00002662                drivers::sensors::LightSensor::~LightSensor()
 .text._ZN7drivers7sensors11LightSensorD0Ev
                0x00002684       0x26 ./drivers/sensors/LightSensorBH1750/LightSensor.o
                0x00002684                drivers::sensors::LightSensor::~LightSensor()
 .text._ZN7drivers7sensors11LightSensorC1ERKNS1_13ConfigurationE
                0x000026aa       0x54 ./drivers/sensors/LightSensorBH1750/LightSensor.o
                0x000026aa                drivers::sensors::LightSensor::LightSensor(drivers::sensors::LightSensor::Configuration const&)
 .text._ZN7drivers7sensors10DustSensor9getResultENS0_12MeasDataTypeE
                0x000026fe       0x14 ./drivers/sensors/DustSharpGp2y10/DustSensor.o
                0x000026fe                drivers::sensors::DustSensor::getResult(drivers::sensors::MeasDataType)
 .text._ZN7drivers7sensors10DustSensor6setLEDEv
                0x00002712        0xc ./drivers/sensors/DustSharpGp2y10/DustSensor.o
                0x00002712                drivers::sensors::DustSensor::setLED()
 .text._ZN7drivers7sensors10DustSensor8clearLEDEv
                0x0000271e        0xc ./drivers/sensors/DustSharpGp2y10/DustSensor.o
                0x0000271e                drivers::sensors::DustSensor::clearLED()
 .text._ZN7drivers7sensors10DustSensor24doResetOfMeasurementDataEv
                0x0000272a        0xe ./drivers/sensors/DustSharpGp2y10/DustSensor.o
                0x0000272a                drivers::sensors::DustSensor::doResetOfMeasurementData()
 .text._ZN7drivers7sensors10DustSensor18doErrorStatusPrintEv
                0x00002738       0x5c ./drivers/sensors/DustSharpGp2y10/DustSensor.o
                0x00002738                drivers::sensors::DustSensor::doErrorStatusPrint()
 .text._ZN7drivers7sensors10DustSensor17doDustCalculationEv
                0x00002794       0x5e ./drivers/sensors/DustSharpGp2y10/DustSensor.o
                0x00002794                drivers::sensors::DustSensor::doDustCalculation()
 .text._ZN7drivers7sensors10DustSensor10initializeEv
                0x000027f2       0x30 ./drivers/sensors/DustSharpGp2y10/DustSensor.o
                0x000027f2                drivers::sensors::DustSensor::initialize()
 .text._ZN7drivers7sensors10DustSensor14makeSingleMeasEv
                0x00002822       0x64 ./drivers/sensors/DustSharpGp2y10/DustSensor.o
                0x00002822                drivers::sensors::DustSensor::makeSingleMeas()
 .text._ZN7drivers7sensors10DustSensor11doMeasuringEv
                0x00002886       0x68 ./drivers/sensors/DustSharpGp2y10/DustSensor.o
                0x00002886                drivers::sensors::DustSensor::doMeasuring()
 .text._ZN7drivers7sensors10DustSensor3runEv
                0x000028ee       0x46 ./drivers/sensors/DustSharpGp2y10/DustSensor.o
                0x000028ee                drivers::sensors::DustSensor::run()
 .text._ZN7drivers7sensors10DustSensorD1Ev
                0x00002934        0xe ./drivers/sensors/DustSharpGp2y10/DustSensor.o
                0x00002934                drivers::sensors::DustSensor::~DustSensor()
 .text._ZN7drivers7sensors10DustSensorD0Ev
                0x00002942       0x1e ./drivers/sensors/DustSharpGp2y10/DustSensor.o
                0x00002942                drivers::sensors::DustSensor::~DustSensor()
 .text._ZN7drivers7sensors10DustSensorC1ERKNS1_13ConfigurationE
                0x00002960       0x50 ./drivers/sensors/DustSharpGp2y10/DustSensor.o
                0x00002960                drivers::sensors::DustSensor::DustSensor(drivers::sensors::DustSensor::Configuration const&)
 .text._ZN7drivers7sensors7ISensorC2ERKNS1_13ConfigurationE
                0x000029b0       0x1c ./drivers/sensors/ISensor.o
                0x000029b0                drivers::sensors::ISensor::ISensor(drivers::sensors::ISensor::Configuration const&)
 .text._ZN7drivers7sensors7ISensorD2Ev
                0x000029cc        0xc ./drivers/sensors/ISensor.o
                0x000029cc                drivers::sensors::ISensor::~ISensor()
 .text._ZN7drivers7sensors7ISensorD1Ev
                0x000029d8        0xc ./drivers/sensors/ISensor.o
                0x000029d8                drivers::sensors::ISensor::~ISensor()
 .text._ZN7drivers7sensors7ISensor10initializeEv
                0x000029e4        0x4 ./drivers/sensors/ISensor.o
                0x000029e4                drivers::sensors::ISensor::initialize()
 .text._ZN7drivers7sensors7ISensor9getResultENS0_12MeasDataTypeE
                0x000029e8        0xa ./drivers/sensors/ISensor.o
                0x000029e8                drivers::sensors::ISensor::getResult(drivers::sensors::MeasDataType)
 .text._ZNK7drivers7sensors7ISensor14getSensorStateEv
                0x000029f2        0x4 ./drivers/sensors/ISensor.o
                0x000029f2                drivers::sensors::ISensor::getSensorState() const
 .text._ZN7drivers7sensors7ISensor3runEv
                0x000029f6        0x4 ./drivers/sensors/ISensor.o
                0x000029f6                drivers::sensors::ISensor::run()
 .text._ZNK7drivers7sensors7ISensor15getMeasDataInfoEh
                0x000029fa       0x4c ./drivers/sensors/ISensor.o
                0x000029fa                drivers::sensors::ISensor::getMeasDataInfo(unsigned char) const
 .text._ZNK7drivers7sensors7ISensor16getMeasDataCountEv
                0x00002a46        0x6 ./drivers/sensors/ISensor.o
                0x00002a46                drivers::sensors::ISensor::getMeasDataCount() const
 .text._ZN7drivers7sensors7ISensorD0Ev
                0x00002a4c        0xe ./drivers/sensors/ISensor.o
                0x00002a4c                drivers::sensors::ISensor::~ISensor()
 .text._ZN2OS5Tasks17TaskStatsProviderC2Ej
                0x00002a5a       0x34 ./OS/Tasks/Utils/TaskStatsProvider.o
                0x00002a5a                OS::Tasks::TaskStatsProvider::TaskStatsProvider(unsigned int)
 .text._ZN2OS5Tasks17TaskStatsProviderD2Ev
                0x00002a8e        0xc ./OS/Tasks/Utils/TaskStatsProvider.o
                0x00002a8e                OS::Tasks::TaskStatsProvider::~TaskStatsProvider()
 .text._ZN2OS5Tasks17TaskStatsProviderD1Ev
                0x00002a9a        0xc ./OS/Tasks/Utils/TaskStatsProvider.o
                0x00002a9a                OS::Tasks::TaskStatsProvider::~TaskStatsProvider()
 .text._ZN2OS5Tasks17TaskStatsProvider14printTaskStatsEv
                0x00002aa6       0x92 ./OS/Tasks/Utils/TaskStatsProvider.o
                0x00002aa6                OS::Tasks::TaskStatsProvider::printTaskStats()
 .text._ZN2OS5Tasks17TaskStatsProvider10printStatsEv
                0x00002b38       0x46 ./OS/Tasks/Utils/TaskStatsProvider.o
                0x00002b38                OS::Tasks::TaskStatsProvider::printStats()
 .text._ZN2OS5Tasks17TaskStatsProviderD0Ev
                0x00002b7e        0xe ./OS/Tasks/Utils/TaskStatsProvider.o
                0x00002b7e                OS::Tasks::TaskStatsProvider::~TaskStatsProvider()
 .text._ZN2OS5Tasks15MeasurementTask4taskEv
                0x00002b8c      0x116 ./OS/Tasks/MeasurementTask/MeasurementTask.o
                0x00002b8c                OS::Tasks::MeasurementTask::task()
 .text._ZThn4_N2OS5Tasks15MeasurementTaskD1Ev
                0x00002ca2        0x4 ./OS/Tasks/MeasurementTask/MeasurementTask.o
                0x00002ca2                non-virtual thunk to OS::Tasks::MeasurementTask::~MeasurementTask()
 .text._ZN2OS5Tasks15MeasurementTaskD1Ev
                0x00002ca6       0x3e ./OS/Tasks/MeasurementTask/MeasurementTask.o
                0x00002ca6                OS::Tasks::MeasurementTask::~MeasurementTask()
 .text._ZN9TaskClassD0Ev
                0x00002ce4       0x24 ./OS/Tasks/MeasurementTask/MeasurementTask.o
                0x00002ce4                TaskClass::~TaskClass()
 .text._ZN9TaskClassD1Ev
                0x00002d08       0x18 ./OS/Tasks/MeasurementTask/MeasurementTask.o
                0x00002d08                TaskClass::~TaskClass()
 .text._ZN4TaskD0Ev
                0x00002d20       0x24 ./OS/Tasks/MeasurementTask/MeasurementTask.o
                0x00002d20                Task::~Task()
 .text._ZN4TaskD1Ev
                0x00002d44       0x18 ./OS/Tasks/MeasurementTask/MeasurementTask.o
                0x00002d44                Task::~Task()
 .text._ZN9TaskClass7taskfunEPv
                0x00002d5c       0x1e ./OS/Tasks/MeasurementTask/MeasurementTask.o
                0x00002d5c                TaskClass::taskfun(void*)
 .text._ZN2OS5Tasks15MeasurementTaskC1ERKNS1_17TaskConfigurationE
                0x00002d7a       0xd0 ./OS/Tasks/MeasurementTask/MeasurementTask.o
                0x00002d7a                OS::Tasks::MeasurementTask::MeasurementTask(OS::Tasks::MeasurementTask::TaskConfiguration const&)
 .text._ZThn4_N2OS5Tasks15MeasurementTaskD0Ev
                0x00002e4a        0x4 ./OS/Tasks/MeasurementTask/MeasurementTask.o
                0x00002e4a                non-virtual thunk to OS::Tasks::MeasurementTask::~MeasurementTask()
 .text._ZN2OS5Tasks15MeasurementTaskD0Ev
                0x00002e4e       0x3e ./OS/Tasks/MeasurementTask/MeasurementTask.o
                0x00002e4e                OS::Tasks::MeasurementTask::~MeasurementTask()
 .text.__cxa_pure_virtual
                0x00002e8c        0x2 ./Configuration/Globals.o
                0x00002e8c                __cxa_pure_virtual
 .text.xTaskGetAbsolutTimeMs
                0x00002e8e       0x18 ./Configuration/Globals.o
                0x00002e8e                xTaskGetAbsolutTimeMs
 .text._ZdlPv   0x00002ea6        0x6 ./Configuration/Globals.o
                0x00002ea6                operator delete(void*)
 .text._ZN11Application16SensorManagement13SensorManagerC1ERKNS1_19SensorConfigurationE
                0x00002eac       0x40 ./Application/SensorManagement/SensorManager.o
                0x00002eac                Application::SensorManagement::SensorManager::SensorManager(Application::SensorManagement::SensorManager::SensorConfiguration const&)
 .text._ZN11Application16SensorManagement13SensorManagerD1Ev
                0x00002eec        0xc ./Application/SensorManagement/SensorManager.o
                0x00002eec                Application::SensorManagement::SensorManager::~SensorManager()
 .text._ZN11Application16SensorManagement13SensorManager18printResultsStdOutEv
                0x00002ef8      0x14c ./Application/SensorManagement/SensorManager.o
                0x00002ef8                Application::SensorManagement::SensorManager::printResultsStdOut()
 .text._ZN11Application16SensorManagement13SensorManager3runEv
                0x00003044      0x152 ./Application/SensorManagement/SensorManager.o
                0x00003044                Application::SensorManagement::SensorManager::run()
 .text._ZN11Application16SensorManagement13SensorManager11initSensorsEv
                0x00003196       0x5c ./Application/SensorManagement/SensorManager.o
                0x00003196                Application::SensorManagement::SensorManager::initSensors()
 .text._ZN11Application16SensorManagement13SensorManagerD0Ev
                0x000031f2        0xe ./Application/SensorManagement/SensorManager.o
                0x000031f2                Application::SensorManagement::SensorManager::~SensorManager()
 .text.main     0x00003200      0x450 ./main.o
                0x00003200                main
 .text.pxPortInitialiseStack
                0x00003650      0x2f4 G:/3_PROGRAMOWANIE/8_C_AVR_Embeded/0_EclipseWorkspace/freeRTOS823_Static_Library/Debug/libfreeRTOS823_Static_Library.a(port.o)
                0x00003650                pxPortInitialiseStack
 .text.xPortStartScheduler
                0x00003944       0x6e G:/3_PROGRAMOWANIE/8_C_AVR_Embeded/0_EclipseWorkspace/freeRTOS823_Static_Library/Debug/libfreeRTOS823_Static_Library.a(port.o)
                0x00003944                xPortStartScheduler
 .text.vPortYield
                0x000039b2       0xb2 G:/3_PROGRAMOWANIE/8_C_AVR_Embeded/0_EclipseWorkspace/freeRTOS823_Static_Library/Debug/libfreeRTOS823_Static_Library.a(port.o)
                0x000039b2                vPortYield
 .text.vPortYieldFromTick
                0x00003a64       0xec G:/3_PROGRAMOWANIE/8_C_AVR_Embeded/0_EclipseWorkspace/freeRTOS823_Static_Library/Debug/libfreeRTOS823_Static_Library.a(port.o)
                0x00003a64                vPortYieldFromTick
 .text.prvSetupTimerInterrupt
                0x00003b50      0x114 G:/3_PROGRAMOWANIE/8_C_AVR_Embeded/0_EclipseWorkspace/freeRTOS823_Static_Library/Debug/libfreeRTOS823_Static_Library.a(port.o)
 .text.__vector_7
                0x00003c64        0x4 G:/3_PROGRAMOWANIE/8_C_AVR_Embeded/0_EclipseWorkspace/freeRTOS823_Static_Library/Debug/libfreeRTOS823_Static_Library.a(port.o)
                0x00003c64                __vector_7
 .text.xSerialPrint_P
                0x00003c68       0x64 G:/3_PROGRAMOWANIE/8_C_AVR_Embeded/0_EclipseWorkspace/freeRTOS823_Static_Library/Debug/libfreeRTOS823_Static_Library.a(serial.o)
                0x00003c68                xSerialPrint_P
 .text.xSerialxPrintf_P
                0x00003ccc       0x6a G:/3_PROGRAMOWANIE/8_C_AVR_Embeded/0_EclipseWorkspace/freeRTOS823_Static_Library/Debug/libfreeRTOS823_Static_Library.a(serial.o)
                0x00003ccc                xSerialxPrintf_P
 .text.xSerialxPrint
                0x00003d36       0x5e G:/3_PROGRAMOWANIE/8_C_AVR_Embeded/0_EclipseWorkspace/freeRTOS823_Static_Library/Debug/libfreeRTOS823_Static_Library.a(serial.o)
                0x00003d36                xSerialxPrint
 .text.xSerialPutChar
                0x00003d94      0x2b4 G:/3_PROGRAMOWANIE/8_C_AVR_Embeded/0_EclipseWorkspace/freeRTOS823_Static_Library/Debug/libfreeRTOS823_Static_Library.a(serial.o)
                0x00003d94                xSerialPutChar
 .text.xSerialPortInitMinimal
                0x00004048      0x2a6 G:/3_PROGRAMOWANIE/8_C_AVR_Embeded/0_EclipseWorkspace/freeRTOS823_Static_Library/Debug/libfreeRTOS823_Static_Library.a(serial.o)
                0x00004048                xSerialPortInitMinimal
 .text.avrSerialPrintf_P
                0x000042ee      0x1da G:/3_PROGRAMOWANIE/8_C_AVR_Embeded/0_EclipseWorkspace/freeRTOS823_Static_Library/Debug/libfreeRTOS823_Static_Library.a(serial.o)
                0x000042ee                avrSerialPrintf_P
 .text.avrSerialPrint
                0x000044c8       0x56 G:/3_PROGRAMOWANIE/8_C_AVR_Embeded/0_EclipseWorkspace/freeRTOS823_Static_Library/Debug/libfreeRTOS823_Static_Library.a(serial.o)
                0x000044c8                avrSerialPrint
 .text.avrSerialWrite
                0x0000451e      0x1a4 G:/3_PROGRAMOWANIE/8_C_AVR_Embeded/0_EclipseWorkspace/freeRTOS823_Static_Library/Debug/libfreeRTOS823_Static_Library.a(serial.o)
                0x0000451e                avrSerialWrite
 .text.avrSerialCheckTxReady
                0x000046c2       0x1c G:/3_PROGRAMOWANIE/8_C_AVR_Embeded/0_EclipseWorkspace/freeRTOS823_Static_Library/Debug/libfreeRTOS823_Static_Library.a(serial.o)
                0x000046c2                avrSerialCheckTxReady
 .text.avrSerialxPrint_P
                0x000046de       0x68 G:/3_PROGRAMOWANIE/8_C_AVR_Embeded/0_EclipseWorkspace/freeRTOS823_Static_Library/Debug/libfreeRTOS823_Static_Library.a(serial.o)
                0x000046de                avrSerialxPrint_P
 .text.avrSerialxWrite
                0x00004746      0x1be G:/3_PROGRAMOWANIE/8_C_AVR_Embeded/0_EclipseWorkspace/freeRTOS823_Static_Library/Debug/libfreeRTOS823_Static_Library.a(serial.o)
                0x00004746                avrSerialxWrite
 .text.avrSerialxCheckTxReady
                0x00004904       0x3c G:/3_PROGRAMOWANIE/8_C_AVR_Embeded/0_EclipseWorkspace/freeRTOS823_Static_Library/Debug/libfreeRTOS823_Static_Library.a(serial.o)
                0x00004904                avrSerialxCheckTxReady
 .text.__vector_13
                0x00004940      0x122 G:/3_PROGRAMOWANIE/8_C_AVR_Embeded/0_EclipseWorkspace/freeRTOS823_Static_Library/Debug/libfreeRTOS823_Static_Library.a(serial.o)
                0x00004940                __vector_13
 .text.__vector_14
                0x00004a62      0x10a G:/3_PROGRAMOWANIE/8_C_AVR_Embeded/0_EclipseWorkspace/freeRTOS823_Static_Library/Debug/libfreeRTOS823_Static_Library.a(serial.o)
                0x00004a62                __vector_14
 .text.twi_init
                0x00004b6c       0x6a G:/3_PROGRAMOWANIE/8_C_AVR_Embeded/0_EclipseWorkspace/freeRTOS823_Static_Library/Debug/libfreeRTOS823_Static_Library.a(twi.o)
                0x00004b6c                twi_init
 .text.twi_setAddress
                0x00004bd6       0x20 G:/3_PROGRAMOWANIE/8_C_AVR_Embeded/0_EclipseWorkspace/freeRTOS823_Static_Library/Debug/libfreeRTOS823_Static_Library.a(twi.o)
                0x00004bd6                twi_setAddress
 .text.twi_readFrom
                0x00004bf6       0xe2 G:/3_PROGRAMOWANIE/8_C_AVR_Embeded/0_EclipseWorkspace/freeRTOS823_Static_Library/Debug/libfreeRTOS823_Static_Library.a(twi.o)
                0x00004bf6                twi_readFrom
 .text.twi_writeTo
                0x00004cd8      0x116 G:/3_PROGRAMOWANIE/8_C_AVR_Embeded/0_EclipseWorkspace/freeRTOS823_Static_Library/Debug/libfreeRTOS823_Static_Library.a(twi.o)
                0x00004cd8                twi_writeTo
 .text.twi_transmit
                0x00004dee       0x70 G:/3_PROGRAMOWANIE/8_C_AVR_Embeded/0_EclipseWorkspace/freeRTOS823_Static_Library/Debug/libfreeRTOS823_Static_Library.a(twi.o)
                0x00004dee                twi_transmit
 .text.twi_attachSlaveRxEvent
                0x00004e5e       0x24 G:/3_PROGRAMOWANIE/8_C_AVR_Embeded/0_EclipseWorkspace/freeRTOS823_Static_Library/Debug/libfreeRTOS823_Static_Library.a(twi.o)
                0x00004e5e                twi_attachSlaveRxEvent
 .text.twi_attachSlaveTxEvent
                0x00004e82       0x24 G:/3_PROGRAMOWANIE/8_C_AVR_Embeded/0_EclipseWorkspace/freeRTOS823_Static_Library/Debug/libfreeRTOS823_Static_Library.a(twi.o)
                0x00004e82                twi_attachSlaveTxEvent
 .text.twi_reply
                0x00004ea6       0x2e G:/3_PROGRAMOWANIE/8_C_AVR_Embeded/0_EclipseWorkspace/freeRTOS823_Static_Library/Debug/libfreeRTOS823_Static_Library.a(twi.o)
                0x00004ea6                twi_reply
 .text.twi_stop
                0x00004ed4       0x32 G:/3_PROGRAMOWANIE/8_C_AVR_Embeded/0_EclipseWorkspace/freeRTOS823_Static_Library/Debug/libfreeRTOS823_Static_Library.a(twi.o)
                0x00004ed4                twi_stop
 .text.twi_releaseBus
                0x00004f06       0x20 G:/3_PROGRAMOWANIE/8_C_AVR_Embeded/0_EclipseWorkspace/freeRTOS823_Static_Library/Debug/libfreeRTOS823_Static_Library.a(twi.o)
                0x00004f06                twi_releaseBus
 .text.__vector_19
                0x00004f26      0x3ec G:/3_PROGRAMOWANIE/8_C_AVR_Embeded/0_EclipseWorkspace/freeRTOS823_Static_Library/Debug/libfreeRTOS823_Static_Library.a(twi.o)
                0x00004f26                __vector_19
 .text.pvPortMalloc
                0x00005312      0x1b8 G:/3_PROGRAMOWANIE/8_C_AVR_Embeded/0_EclipseWorkspace/freeRTOS823_Static_Library/Debug/libfreeRTOS823_Static_Library.a(heap_2.o)
                0x00005312                pvPortMalloc
 .text.vPortFree
                0x000054ca       0xc4 G:/3_PROGRAMOWANIE/8_C_AVR_Embeded/0_EclipseWorkspace/freeRTOS823_Static_Library/Debug/libfreeRTOS823_Static_Library.a(heap_2.o)
                0x000054ca                vPortFree
 .text.xPortGetFreeHeapSize
                0x0000558e       0x1c G:/3_PROGRAMOWANIE/8_C_AVR_Embeded/0_EclipseWorkspace/freeRTOS823_Static_Library/Debug/libfreeRTOS823_Static_Library.a(heap_2.o)
                0x0000558e                xPortGetFreeHeapSize
 .text.prvHeapInit
                0x000055aa       0x64 G:/3_PROGRAMOWANIE/8_C_AVR_Embeded/0_EclipseWorkspace/freeRTOS823_Static_Library/Debug/libfreeRTOS823_Static_Library.a(heap_2.o)
 .text.xQueueCreateMutex
                0x0000560e       0x8e G:/3_PROGRAMOWANIE/8_C_AVR_Embeded/0_EclipseWorkspace/freeRTOS823_Static_Library/Debug/libfreeRTOS823_Static_Library.a(queue.o)
                0x0000560e                xQueueCreateMutex
 .text.xQueueGive
                0x0000569c      0x142 G:/3_PROGRAMOWANIE/8_C_AVR_Embeded/0_EclipseWorkspace/freeRTOS823_Static_Library/Debug/libfreeRTOS823_Static_Library.a(queue.o)
                0x0000569c                xQueueGive
 .text.xQueueGenericReceive
                0x000057de      0x192 G:/3_PROGRAMOWANIE/8_C_AVR_Embeded/0_EclipseWorkspace/freeRTOS823_Static_Library/Debug/libfreeRTOS823_Static_Library.a(queue.o)
                0x000057de                xQueueGenericReceive
 .text.prvCopyDataFromQueue
                0x00005970       0x88 G:/3_PROGRAMOWANIE/8_C_AVR_Embeded/0_EclipseWorkspace/freeRTOS823_Static_Library/Debug/libfreeRTOS823_Static_Library.a(queue.o)
 .text.prvUnlockQueue
                0x000059f8       0xa0 G:/3_PROGRAMOWANIE/8_C_AVR_Embeded/0_EclipseWorkspace/freeRTOS823_Static_Library/Debug/libfreeRTOS823_Static_Library.a(queue.o)
 .text.prvIsQueueEmpty
                0x00005a98       0x36 G:/3_PROGRAMOWANIE/8_C_AVR_Embeded/0_EclipseWorkspace/freeRTOS823_Static_Library/Debug/libfreeRTOS823_Static_Library.a(queue.o)
 .text.prvIsQueueFull
                0x00005ace       0x3c G:/3_PROGRAMOWANIE/8_C_AVR_Embeded/0_EclipseWorkspace/freeRTOS823_Static_Library/Debug/libfreeRTOS823_Static_Library.a(queue.o)
 .text.xTaskGenericCreate
                0x00005b0a      0x188 G:/3_PROGRAMOWANIE/8_C_AVR_Embeded/0_EclipseWorkspace/freeRTOS823_Static_Library/Debug/libfreeRTOS823_Static_Library.a(tasks.o)
                0x00005b0a                xTaskGenericCreate
 .text.vTaskDelete
                0x00005c92       0xba G:/3_PROGRAMOWANIE/8_C_AVR_Embeded/0_EclipseWorkspace/freeRTOS823_Static_Library/Debug/libfreeRTOS823_Static_Library.a(tasks.o)
                0x00005c92                vTaskDelete
 .text.vTaskStartScheduler
                0x00005d4c       0x78 G:/3_PROGRAMOWANIE/8_C_AVR_Embeded/0_EclipseWorkspace/freeRTOS823_Static_Library/Debug/libfreeRTOS823_Static_Library.a(tasks.o)
                0x00005d4c                vTaskStartScheduler
 .text.vTaskSuspendAll
                0x00005dc4       0x1e G:/3_PROGRAMOWANIE/8_C_AVR_Embeded/0_EclipseWorkspace/freeRTOS823_Static_Library/Debug/libfreeRTOS823_Static_Library.a(tasks.o)
                0x00005dc4                vTaskSuspendAll
 .text.xTaskResumeAll
                0x00005de2      0x108 G:/3_PROGRAMOWANIE/8_C_AVR_Embeded/0_EclipseWorkspace/freeRTOS823_Static_Library/Debug/libfreeRTOS823_Static_Library.a(tasks.o)
                0x00005de2                xTaskResumeAll
 .text.xTaskGetTickCount
                0x00005eea       0x2e G:/3_PROGRAMOWANIE/8_C_AVR_Embeded/0_EclipseWorkspace/freeRTOS823_Static_Library/Debug/libfreeRTOS823_Static_Library.a(tasks.o)
                0x00005eea                xTaskGetTickCount
 .text.pcTaskGetTaskName
                0x00005f18       0x44 G:/3_PROGRAMOWANIE/8_C_AVR_Embeded/0_EclipseWorkspace/freeRTOS823_Static_Library/Debug/libfreeRTOS823_Static_Library.a(tasks.o)
                0x00005f18                pcTaskGetTaskName
 .text.xTaskIncrementTick
                0x00005f5c      0x1b0 G:/3_PROGRAMOWANIE/8_C_AVR_Embeded/0_EclipseWorkspace/freeRTOS823_Static_Library/Debug/libfreeRTOS823_Static_Library.a(tasks.o)
                0x00005f5c                xTaskIncrementTick
 .text.vTaskSwitchContext
                0x0000610c      0x104 G:/3_PROGRAMOWANIE/8_C_AVR_Embeded/0_EclipseWorkspace/freeRTOS823_Static_Library/Debug/libfreeRTOS823_Static_Library.a(tasks.o)
                0x0000610c                vTaskSwitchContext
 .text.vTaskPlaceOnEventList
                0x00006210       0x78 G:/3_PROGRAMOWANIE/8_C_AVR_Embeded/0_EclipseWorkspace/freeRTOS823_Static_Library/Debug/libfreeRTOS823_Static_Library.a(tasks.o)
                0x00006210                vTaskPlaceOnEventList
 .text.xTaskRemoveFromEventList
                0x00006288       0xc0 G:/3_PROGRAMOWANIE/8_C_AVR_Embeded/0_EclipseWorkspace/freeRTOS823_Static_Library/Debug/libfreeRTOS823_Static_Library.a(tasks.o)
                0x00006288                xTaskRemoveFromEventList
 .text.vTaskSetTimeOutState
                0x00006348       0x2e G:/3_PROGRAMOWANIE/8_C_AVR_Embeded/0_EclipseWorkspace/freeRTOS823_Static_Library/Debug/libfreeRTOS823_Static_Library.a(tasks.o)
                0x00006348                vTaskSetTimeOutState
 .text.xTaskCheckForTimeOut
                0x00006376       0xc2 G:/3_PROGRAMOWANIE/8_C_AVR_Embeded/0_EclipseWorkspace/freeRTOS823_Static_Library/Debug/libfreeRTOS823_Static_Library.a(tasks.o)
                0x00006376                xTaskCheckForTimeOut
 .text.vTaskMissedYield
                0x00006438       0x16 G:/3_PROGRAMOWANIE/8_C_AVR_Embeded/0_EclipseWorkspace/freeRTOS823_Static_Library/Debug/libfreeRTOS823_Static_Library.a(tasks.o)
                0x00006438                vTaskMissedYield
 .text.prvIdleTask
                0x0000644e       0x20 G:/3_PROGRAMOWANIE/8_C_AVR_Embeded/0_EclipseWorkspace/freeRTOS823_Static_Library/Debug/libfreeRTOS823_Static_Library.a(tasks.o)
 .text.prvInitialiseTCBVariables
                0x0000646e       0xe4 G:/3_PROGRAMOWANIE/8_C_AVR_Embeded/0_EclipseWorkspace/freeRTOS823_Static_Library/Debug/libfreeRTOS823_Static_Library.a(tasks.o)
 .text.prvInitialiseTaskLists
                0x00006552       0x74 G:/3_PROGRAMOWANIE/8_C_AVR_Embeded/0_EclipseWorkspace/freeRTOS823_Static_Library/Debug/libfreeRTOS823_Static_Library.a(tasks.o)
 .text.prvCheckTasksWaitingTermination
                0x000065c6       0x6e G:/3_PROGRAMOWANIE/8_C_AVR_Embeded/0_EclipseWorkspace/freeRTOS823_Static_Library/Debug/libfreeRTOS823_Static_Library.a(tasks.o)
 .text.prvAddCurrentTaskToDelayedList
                0x00006634       0x8a G:/3_PROGRAMOWANIE/8_C_AVR_Embeded/0_EclipseWorkspace/freeRTOS823_Static_Library/Debug/libfreeRTOS823_Static_Library.a(tasks.o)
 .text.prvAllocateTCBAndStack
                0x000066be       0x96 G:/3_PROGRAMOWANIE/8_C_AVR_Embeded/0_EclipseWorkspace/freeRTOS823_Static_Library/Debug/libfreeRTOS823_Static_Library.a(tasks.o)
 .text.prvTaskCheckFreeStackSpace
                0x00006754       0x4c G:/3_PROGRAMOWANIE/8_C_AVR_Embeded/0_EclipseWorkspace/freeRTOS823_Static_Library/Debug/libfreeRTOS823_Static_Library.a(tasks.o)
 .text.uxTaskGetStackHighWaterMark
                0x000067a0       0x50 G:/3_PROGRAMOWANIE/8_C_AVR_Embeded/0_EclipseWorkspace/freeRTOS823_Static_Library/Debug/libfreeRTOS823_Static_Library.a(tasks.o)
                0x000067a0                uxTaskGetStackHighWaterMark
 .text.prvDeleteTCB
                0x000067f0       0x28 G:/3_PROGRAMOWANIE/8_C_AVR_Embeded/0_EclipseWorkspace/freeRTOS823_Static_Library/Debug/libfreeRTOS823_Static_Library.a(tasks.o)
 .text.prvResetNextTaskUnblockTime
                0x00006818       0x52 G:/3_PROGRAMOWANIE/8_C_AVR_Embeded/0_EclipseWorkspace/freeRTOS823_Static_Library/Debug/libfreeRTOS823_Static_Library.a(tasks.o)
 .text.vTaskPriorityInherit
                0x0000686a      0x108 G:/3_PROGRAMOWANIE/8_C_AVR_Embeded/0_EclipseWorkspace/freeRTOS823_Static_Library/Debug/libfreeRTOS823_Static_Library.a(tasks.o)
                0x0000686a                vTaskPriorityInherit
 .text.xTaskPriorityDisinherit
                0x00006972       0xd2 G:/3_PROGRAMOWANIE/8_C_AVR_Embeded/0_EclipseWorkspace/freeRTOS823_Static_Library/Debug/libfreeRTOS823_Static_Library.a(tasks.o)
                0x00006972                xTaskPriorityDisinherit
 .text.pvTaskIncrementMutexHeldCount
                0x00006a44       0x32 G:/3_PROGRAMOWANIE/8_C_AVR_Embeded/0_EclipseWorkspace/freeRTOS823_Static_Library/Debug/libfreeRTOS823_Static_Library.a(tasks.o)
                0x00006a44                pvTaskIncrementMutexHeldCount
 .text.vApplicationIdleHook
                0x00006a76       0x62 G:/3_PROGRAMOWANIE/8_C_AVR_Embeded/0_EclipseWorkspace/freeRTOS823_Static_Library/Debug/libfreeRTOS823_Static_Library.a(hooks.o)
                0x00006a76                vApplicationIdleHook
 .text.vApplicationStackOverflowHook
                0x00006ad8       0xf8 G:/3_PROGRAMOWANIE/8_C_AVR_Embeded/0_EclipseWorkspace/freeRTOS823_Static_Library/Debug/libfreeRTOS823_Static_Library.a(hooks.o)
                0x00006ad8                vApplicationStackOverflowHook
 .text.vListInitialise
                0x00006bd0       0x50 G:/3_PROGRAMOWANIE/8_C_AVR_Embeded/0_EclipseWorkspace/freeRTOS823_Static_Library/Debug/libfreeRTOS823_Static_Library.a(list.o)
                0x00006bd0                vListInitialise
 .text.vListInitialiseItem
                0x00006c20       0x1c G:/3_PROGRAMOWANIE/8_C_AVR_Embeded/0_EclipseWorkspace/freeRTOS823_Static_Library/Debug/libfreeRTOS823_Static_Library.a(list.o)
                0x00006c20                vListInitialiseItem
 .text.vListInsertEnd
                0x00006c3c       0x78 G:/3_PROGRAMOWANIE/8_C_AVR_Embeded/0_EclipseWorkspace/freeRTOS823_Static_Library/Debug/libfreeRTOS823_Static_Library.a(list.o)
                0x00006c3c                vListInsertEnd
 .text.vListInsert
                0x00006cb4       0xc2 G:/3_PROGRAMOWANIE/8_C_AVR_Embeded/0_EclipseWorkspace/freeRTOS823_Static_Library/Debug/libfreeRTOS823_Static_Library.a(list.o)
                0x00006cb4                vListInsert
 .text.uxListRemove
                0x00006d76       0x8e G:/3_PROGRAMOWANIE/8_C_AVR_Embeded/0_EclipseWorkspace/freeRTOS823_Static_Library/Debug/libfreeRTOS823_Static_Library.a(list.o)
                0x00006d76                uxListRemove
 .text.libgcc   0x00006e04       0x3e c:/winavr-20100110/bin/../lib/gcc/avr/4.3.3/avr5\libgcc.a(_mulsi3.o)
                0x00006e04                __mulsi3
 .text.libgcc   0x00006e42       0x28 c:/winavr-20100110/bin/../lib/gcc/avr/4.3.3/avr5\libgcc.a(_udivmodhi4.o)
                0x00006e42                __udivmodhi4
 .text.libgcc   0x00006e6a       0x26 c:/winavr-20100110/bin/../lib/gcc/avr/4.3.3/avr5\libgcc.a(_divmodhi4.o)
                0x00006e6a                __divmodhi4
                0x00006e6a                _div
 .text.libgcc   0x00006e90       0x44 c:/winavr-20100110/bin/../lib/gcc/avr/4.3.3/avr5\libgcc.a(_udivmodsi4.o)
                0x00006e90                __udivmodsi4
 .text.libgcc   0x00006ed4       0x36 c:/winavr-20100110/bin/../lib/gcc/avr/4.3.3/avr5\libgcc.a(_divmodsi4.o)
                0x00006ed4                __divmodsi4
 .text.libgcc   0x00006f0a       0x38 c:/winavr-20100110/bin/../lib/gcc/avr/4.3.3/avr5\libgcc.a(_prologue.o)
                0x00006f0a                __prologue_saves__
 .text.libgcc   0x00006f42       0x36 c:/winavr-20100110/bin/../lib/gcc/avr/4.3.3/avr5\libgcc.a(_epilogue.o)
                0x00006f42                __epilogue_restores__
 .text.avr-libc
                0x00006f78      0x20a c:/winavr-20100110/bin/../lib/gcc/avr/4.3.3/../../../../avr/lib/avr5\libc.a(malloc.o)
                0x00006f78                malloc
                0x000070d2                free
 .text.avr-libc
                0x00007182       0x12 c:/winavr-20100110/bin/../lib/gcc/avr/4.3.3/../../../../avr/lib/avr5\libc.a(strlen_P.o)
                0x00007182                strlen_P
 .text.avr-libc
                0x00007194       0x12 c:/winavr-20100110/bin/../lib/gcc/avr/4.3.3/../../../../avr/lib/avr5\libc.a(memcpy.o)
                0x00007194                memcpy
 .text.avr-libc
                0x000071a6        0xe c:/winavr-20100110/bin/../lib/gcc/avr/4.3.3/../../../../avr/lib/avr5\libc.a(memset.o)
                0x000071a6                memset
 .text.avr-libc
                0x000071b4       0x12 c:/winavr-20100110/bin/../lib/gcc/avr/4.3.3/../../../../avr/lib/avr5\libc.a(strlen.o)
                0x000071b4                strlen
 .text.avr-libc
                0x000071c6       0x4e c:/winavr-20100110/bin/../lib/gcc/avr/4.3.3/../../../../avr/lib/avr5\libc.a(vsnprintf_p.o)
                0x000071c6                vsnprintf_P
 .text.avr-libc
                0x00007214      0x39c c:/winavr-20100110/bin/../lib/gcc/avr/4.3.3/../../../../avr/lib/avr5\libc.a(vfprintf_std.o)
                0x00007214                vfprintf
 .text.avr-libc
                0x000075b0       0x16 c:/winavr-20100110/bin/../lib/gcc/avr/4.3.3/../../../../avr/lib/avr5\libc.a(strnlen_P.o)
                0x000075b0                strnlen_P
 .text.avr-libc
                0x000075c6       0x16 c:/winavr-20100110/bin/../lib/gcc/avr/4.3.3/../../../../avr/lib/avr5\libc.a(strnlen.o)
                0x000075c6                strnlen
 .text.avr-libc
                0x000075dc       0x58 c:/winavr-20100110/bin/../lib/gcc/avr/4.3.3/../../../../avr/lib/avr5\libc.a(fputc.o)
                0x000075dc                fputc
 .text.avr-libc
                0x00007634       0xbc c:/winavr-20100110/bin/../lib/gcc/avr/4.3.3/../../../../avr/lib/avr5\libc.a(ultoa_invert.o)
                0x00007634                __ultoa_invert
                0x000076f0                . = ALIGN (0x2)
 *(.fini9)
 .fini9         0x000076f0        0x0 c:/winavr-20100110/bin/../lib/gcc/avr/4.3.3/avr5\libgcc.a(_exit.o)
                0x000076f0                exit
                0x000076f0                _exit
 *(.fini9)
 *(.fini8)
 *(.fini8)
 *(.fini7)
 *(.fini7)
 *(.fini6)
 *(.fini6)
 *(.fini5)
 *(.fini5)
 *(.fini4)
 *(.fini4)
 *(.fini3)
 *(.fini3)
 *(.fini2)
 *(.fini2)
 *(.fini1)
 *(.fini1)
 *(.fini0)
 .fini0         0x000076f0        0x4 c:/winavr-20100110/bin/../lib/gcc/avr/4.3.3/avr5\libgcc.a(_exit.o)
 *(.fini0)
                0x000076f4                _etext = .

.data           0x00800060      0x156 load address 0x000076f4
                0x00800060                PROVIDE (__data_start, .)
 *(.data)
 .data          0x00800060       0x10 ./main.o
 .data          0x00800070        0x5 G:/3_PROGRAMOWANIE/8_C_AVR_Embeded/0_EclipseWorkspace/freeRTOS823_Static_Library/Debug/libfreeRTOS823_Static_Library.a(tasks.o)
 .data          0x00800075        0x8 c:/winavr-20100110/bin/../lib/gcc/avr/4.3.3/avr5\libgcc.a(_thenan_sf.o)
                0x00800075                __thenan_sf
 .data          0x0080007d        0x6 c:/winavr-20100110/bin/../lib/gcc/avr/4.3.3/../../../../avr/lib/avr5\libc.a(malloc.o)
                0x0080007f                __malloc_heap_start
                0x00800081                __malloc_heap_end
                0x0080007d                __malloc_margin
 *(.data*)
 .data.xFreeBytesRemaining
                0x00800083        0x2 G:/3_PROGRAMOWANIE/8_C_AVR_Embeded/0_EclipseWorkspace/freeRTOS823_Static_Library/Debug/libfreeRTOS823_Static_Library.a(heap_2.o)
 *(.rodata)
 *(.rodata*)
 .rodata._ZTVN7drivers7sensors10TwiManagerE
                0x00800085        0x8 ./drivers/utils/wire/TwiManager.o
                0x00800085                vtable for drivers::sensors::TwiManager
 .rodata._ZTVN7drivers7sensors10AdcManagerE
                0x0080008d        0x8 ./drivers/utils/adc/AdcManager.o
                0x0080008d                vtable for drivers::sensors::AdcManager
 .rodata._ZN7drivers7sensors9DhtTalker17m_sTalkerStateMapE
                0x00800095       0x19 ./drivers/sensors/tempHumidityDHT22/DhtTalker.o
                0x00800095                drivers::sensors::DhtTalker::m_sTalkerStateMap
 .rodata._ZTVN7drivers7sensors9DhtTalkerE
                0x008000ae        0x8 ./drivers/sensors/tempHumidityDHT22/DhtTalker.o
                0x008000ae                vtable for drivers::sensors::DhtTalker
 .rodata._ZTVN7drivers7sensors18TempHumiditySensorE
                0x008000b6       0x10 ./drivers/sensors/tempHumidityDHT22/TempHumiditySensor.o
                0x008000b6                vtable for drivers::sensors::TempHumiditySensor
 .rodata._ZTVN7drivers7sensors10RainSensorE
                0x008000c6       0x10 ./drivers/sensors/RainSensor/RainSensor.o
                0x008000c6                vtable for drivers::sensors::RainSensor
 .rodata._ZN7drivers7sensors14PressureSensor17m_sSensorStateMapE
                0x008000d6       0x23 ./drivers/sensors/PressureSensorBMP180/PressureSensor.o
                0x008000d6                drivers::sensors::PressureSensor::m_sSensorStateMap
 .rodata._ZTVN7drivers7sensors14PressureSensorE
                0x008000f9       0x1e ./drivers/sensors/PressureSensorBMP180/PressureSensor.o
                0x008000f9                vtable for drivers::sensors::PressureSensor
 .rodata._ZN7drivers7sensors11LightSensor17m_sSensorStateMapE
                0x00800117       0x19 ./drivers/sensors/LightSensorBH1750/LightSensor.o
                0x00800117                drivers::sensors::LightSensor::m_sSensorStateMap
 .rodata._ZTVN7drivers7sensors11LightSensorE
                0x00800130       0x1a ./drivers/sensors/LightSensorBH1750/LightSensor.o
                0x00800130                vtable for drivers::sensors::LightSensor
 .rodata._ZTVN7drivers7sensors10DustSensorE
                0x0080014a       0x10 ./drivers/sensors/DustSharpGp2y10/DustSensor.o
                0x0080014a                vtable for drivers::sensors::DustSensor
 .rodata._ZTVN7drivers7sensors7ISensorE
                0x0080015a       0x10 ./drivers/sensors/ISensor.o
                0x0080015a                vtable for drivers::sensors::ISensor
 .rodata._ZTVN2OS5Tasks17TaskStatsProviderE
                0x0080016a        0xc ./OS/Tasks/Utils/TaskStatsProvider.o
                0x0080016a                vtable for OS::Tasks::TaskStatsProvider
 .rodata._ZZN2OS5Tasks17TaskStatsProviderC1EjE3C.4
                0x00800176        0x3 ./OS/Tasks/Utils/TaskStatsProvider.o
 .rodata._ZTVN2OS5Tasks15MeasurementTaskE
                0x00800179       0x16 ./OS/Tasks/MeasurementTask/MeasurementTask.o
                0x00800179                vtable for OS::Tasks::MeasurementTask
 .rodata._ZTV9TaskClass
                0x0080018f        0xa ./OS/Tasks/MeasurementTask/MeasurementTask.o
                0x0080018f                vtable for TaskClass
 .rodata._ZTV4Task
                0x00800199        0x8 ./OS/Tasks/MeasurementTask/MeasurementTask.o
                0x00800199                vtable for Task
 .rodata._ZTVN11Application16SensorManagement13SensorManagerE
                0x008001a1        0x8 ./Application/SensorManagement/SensorManager.o
                0x008001a1                vtable for Application::SensorManagement::SensorManager
 .rodata._ZZN11Application16SensorManagement13SensorManagerC1ERKNS1_19SensorConfigurationEE3C.4
                0x008001a9        0x3 ./Application/SensorManagement/SensorManager.o
 .rodata._ZZ4mainE4C.10
                0x008001ac        0x5 ./main.o
 .rodata._ZZ4mainE3C.5
                0x008001b1        0x3 ./main.o
 .rodata.heapSTRUCT_SIZE
                0x008001b4        0x2 G:/3_PROGRAMOWANIE/8_C_AVR_Embeded/0_EclipseWorkspace/freeRTOS823_Static_Library/Debug/libfreeRTOS823_Static_Library.a(heap_2.o)
 *(.gnu.linkonce.d*)
                0x008001b6                . = ALIGN (0x2)
                0x008001b6                _edata = .
                0x008001b6                PROVIDE (__data_end, .)

.bss            0x008001b6      0x505
                0x008001b6                PROVIDE (__bss_start, .)
 *(.bss)
 *(.bss*)
 .bss._ZN7drivers7sensors10TwiManager8rxBufferE
                0x008001b6       0x20 ./drivers/utils/wire/TwiManager.o
                0x008001b6                drivers::sensors::TwiManager::rxBuffer
 .bss._ZN7drivers7sensors10TwiManager13rxBufferIndexE
                0x008001d6        0x1 ./drivers/utils/wire/TwiManager.o
                0x008001d6                drivers::sensors::TwiManager::rxBufferIndex
 .bss._ZN7drivers7sensors10TwiManager14rxBufferLengthE
                0x008001d7        0x1 ./drivers/utils/wire/TwiManager.o
                0x008001d7                drivers::sensors::TwiManager::rxBufferLength
 .bss._ZN7drivers7sensors10TwiManager9txAddressE
                0x008001d8        0x1 ./drivers/utils/wire/TwiManager.o
                0x008001d8                drivers::sensors::TwiManager::txAddress
 .bss._ZN7drivers7sensors10TwiManager8txBufferE
                0x008001d9       0x20 ./drivers/utils/wire/TwiManager.o
                0x008001d9                drivers::sensors::TwiManager::txBuffer
 .bss._ZN7drivers7sensors10TwiManager13txBufferIndexE
                0x008001f9        0x1 ./drivers/utils/wire/TwiManager.o
                0x008001f9                drivers::sensors::TwiManager::txBufferIndex
 .bss._ZN7drivers7sensors10TwiManager14txBufferLengthE
                0x008001fa        0x1 ./drivers/utils/wire/TwiManager.o
                0x008001fa                drivers::sensors::TwiManager::txBufferLength
 .bss._ZN7drivers7sensors10TwiManager12transmittingE
                0x008001fb        0x1 ./drivers/utils/wire/TwiManager.o
                0x008001fb                drivers::sensors::TwiManager::transmitting
 .bss._ZN7drivers7sensors10TwiManager14user_onRequestE
                0x008001fc        0x2 ./drivers/utils/wire/TwiManager.o
                0x008001fc                drivers::sensors::TwiManager::user_onRequest
 .bss._ZN7drivers7sensors10TwiManager14user_onReceiveE
                0x008001fe        0x2 ./drivers/utils/wire/TwiManager.o
                0x008001fe                drivers::sensors::TwiManager::user_onReceive
 .bss.xConsoleMutex
                0x00800200        0x2 ./Configuration/Globals.o
                0x00800200                xConsoleMutex
 .bss.xSerialPort
                0x00800202       0x22 ./Configuration/Globals.o
                0x00800202                xSerialPort
 .bss.twi_state
                0x00800224        0x1 G:/3_PROGRAMOWANIE/8_C_AVR_Embeded/0_EclipseWorkspace/freeRTOS823_Static_Library/Debug/libfreeRTOS823_Static_Library.a(twi.o)
 .bss.twi_slarw
                0x00800225        0x1 G:/3_PROGRAMOWANIE/8_C_AVR_Embeded/0_EclipseWorkspace/freeRTOS823_Static_Library/Debug/libfreeRTOS823_Static_Library.a(twi.o)
 .bss.twi_sendStop
                0x00800226        0x1 G:/3_PROGRAMOWANIE/8_C_AVR_Embeded/0_EclipseWorkspace/freeRTOS823_Static_Library/Debug/libfreeRTOS823_Static_Library.a(twi.o)
 .bss.twi_inRepStart
                0x00800227        0x1 G:/3_PROGRAMOWANIE/8_C_AVR_Embeded/0_EclipseWorkspace/freeRTOS823_Static_Library/Debug/libfreeRTOS823_Static_Library.a(twi.o)
 .bss.twi_onSlaveTransmit
                0x00800228        0x2 G:/3_PROGRAMOWANIE/8_C_AVR_Embeded/0_EclipseWorkspace/freeRTOS823_Static_Library/Debug/libfreeRTOS823_Static_Library.a(twi.o)
 .bss.twi_onSlaveReceive
                0x0080022a        0x2 G:/3_PROGRAMOWANIE/8_C_AVR_Embeded/0_EclipseWorkspace/freeRTOS823_Static_Library/Debug/libfreeRTOS823_Static_Library.a(twi.o)
 .bss.twi_masterBuffer
                0x0080022c       0x20 G:/3_PROGRAMOWANIE/8_C_AVR_Embeded/0_EclipseWorkspace/freeRTOS823_Static_Library/Debug/libfreeRTOS823_Static_Library.a(twi.o)
 .bss.twi_masterBufferIndex
                0x0080024c        0x1 G:/3_PROGRAMOWANIE/8_C_AVR_Embeded/0_EclipseWorkspace/freeRTOS823_Static_Library/Debug/libfreeRTOS823_Static_Library.a(twi.o)
 .bss.twi_masterBufferLength
                0x0080024d        0x1 G:/3_PROGRAMOWANIE/8_C_AVR_Embeded/0_EclipseWorkspace/freeRTOS823_Static_Library/Debug/libfreeRTOS823_Static_Library.a(twi.o)
 .bss.twi_txBuffer
                0x0080024e       0x20 G:/3_PROGRAMOWANIE/8_C_AVR_Embeded/0_EclipseWorkspace/freeRTOS823_Static_Library/Debug/libfreeRTOS823_Static_Library.a(twi.o)
 .bss.twi_txBufferIndex
                0x0080026e        0x1 G:/3_PROGRAMOWANIE/8_C_AVR_Embeded/0_EclipseWorkspace/freeRTOS823_Static_Library/Debug/libfreeRTOS823_Static_Library.a(twi.o)
 .bss.twi_txBufferLength
                0x0080026f        0x1 G:/3_PROGRAMOWANIE/8_C_AVR_Embeded/0_EclipseWorkspace/freeRTOS823_Static_Library/Debug/libfreeRTOS823_Static_Library.a(twi.o)
 .bss.twi_rxBuffer
                0x00800270       0x20 G:/3_PROGRAMOWANIE/8_C_AVR_Embeded/0_EclipseWorkspace/freeRTOS823_Static_Library/Debug/libfreeRTOS823_Static_Library.a(twi.o)
 .bss.twi_rxBufferIndex
                0x00800290        0x1 G:/3_PROGRAMOWANIE/8_C_AVR_Embeded/0_EclipseWorkspace/freeRTOS823_Static_Library/Debug/libfreeRTOS823_Static_Library.a(twi.o)
 .bss.twi_error
                0x00800291        0x1 G:/3_PROGRAMOWANIE/8_C_AVR_Embeded/0_EclipseWorkspace/freeRTOS823_Static_Library/Debug/libfreeRTOS823_Static_Library.a(twi.o)
 .bss.xHeapHasBeenInitialised.1586
                0x00800292        0x1 G:/3_PROGRAMOWANIE/8_C_AVR_Embeded/0_EclipseWorkspace/freeRTOS823_Static_Library/Debug/libfreeRTOS823_Static_Library.a(heap_2.o)
 .bss.ucHeap    0x00800293      0x3b0 G:/3_PROGRAMOWANIE/8_C_AVR_Embeded/0_EclipseWorkspace/freeRTOS823_Static_Library/Debug/libfreeRTOS823_Static_Library.a(heap_2.o)
 .bss.xStart    0x00800643        0x4 G:/3_PROGRAMOWANIE/8_C_AVR_Embeded/0_EclipseWorkspace/freeRTOS823_Static_Library/Debug/libfreeRTOS823_Static_Library.a(heap_2.o)
 .bss.xEnd      0x00800647        0x4 G:/3_PROGRAMOWANIE/8_C_AVR_Embeded/0_EclipseWorkspace/freeRTOS823_Static_Library/Debug/libfreeRTOS823_Static_Library.a(heap_2.o)
 .bss.pxCurrentTCB
                0x0080064b        0x2 G:/3_PROGRAMOWANIE/8_C_AVR_Embeded/0_EclipseWorkspace/freeRTOS823_Static_Library/Debug/libfreeRTOS823_Static_Library.a(tasks.o)
                0x0080064b                pxCurrentTCB
 .bss.uxTasksDeleted
                0x0080064d        0x1 G:/3_PROGRAMOWANIE/8_C_AVR_Embeded/0_EclipseWorkspace/freeRTOS823_Static_Library/Debug/libfreeRTOS823_Static_Library.a(tasks.o)
 .bss.uxCurrentNumberOfTasks
                0x0080064e        0x1 G:/3_PROGRAMOWANIE/8_C_AVR_Embeded/0_EclipseWorkspace/freeRTOS823_Static_Library/Debug/libfreeRTOS823_Static_Library.a(tasks.o)
 .bss.xTickCount
                0x0080064f        0x2 G:/3_PROGRAMOWANIE/8_C_AVR_Embeded/0_EclipseWorkspace/freeRTOS823_Static_Library/Debug/libfreeRTOS823_Static_Library.a(tasks.o)
 .bss.uxTopReadyPriority
                0x00800651        0x1 G:/3_PROGRAMOWANIE/8_C_AVR_Embeded/0_EclipseWorkspace/freeRTOS823_Static_Library/Debug/libfreeRTOS823_Static_Library.a(tasks.o)
 .bss.xSchedulerRunning
                0x00800652        0x1 G:/3_PROGRAMOWANIE/8_C_AVR_Embeded/0_EclipseWorkspace/freeRTOS823_Static_Library/Debug/libfreeRTOS823_Static_Library.a(tasks.o)
 .bss.uxPendedTicks
                0x00800653        0x1 G:/3_PROGRAMOWANIE/8_C_AVR_Embeded/0_EclipseWorkspace/freeRTOS823_Static_Library/Debug/libfreeRTOS823_Static_Library.a(tasks.o)
 .bss.xYieldPending
                0x00800654        0x1 G:/3_PROGRAMOWANIE/8_C_AVR_Embeded/0_EclipseWorkspace/freeRTOS823_Static_Library/Debug/libfreeRTOS823_Static_Library.a(tasks.o)
 .bss.xNumOfOverflows
                0x00800655        0x1 G:/3_PROGRAMOWANIE/8_C_AVR_Embeded/0_EclipseWorkspace/freeRTOS823_Static_Library/Debug/libfreeRTOS823_Static_Library.a(tasks.o)
 .bss.uxTaskNumber
                0x00800656        0x1 G:/3_PROGRAMOWANIE/8_C_AVR_Embeded/0_EclipseWorkspace/freeRTOS823_Static_Library/Debug/libfreeRTOS823_Static_Library.a(tasks.o)
 .bss.xNextTaskUnblockTime
                0x00800657        0x2 G:/3_PROGRAMOWANIE/8_C_AVR_Embeded/0_EclipseWorkspace/freeRTOS823_Static_Library/Debug/libfreeRTOS823_Static_Library.a(tasks.o)
 .bss.uxSchedulerSuspended
                0x00800659        0x1 G:/3_PROGRAMOWANIE/8_C_AVR_Embeded/0_EclipseWorkspace/freeRTOS823_Static_Library/Debug/libfreeRTOS823_Static_Library.a(tasks.o)
 .bss.pxReadyTasksLists
                0x0080065a       0x24 G:/3_PROGRAMOWANIE/8_C_AVR_Embeded/0_EclipseWorkspace/freeRTOS823_Static_Library/Debug/libfreeRTOS823_Static_Library.a(tasks.o)
 .bss.xDelayedTaskList1
                0x0080067e        0x9 G:/3_PROGRAMOWANIE/8_C_AVR_Embeded/0_EclipseWorkspace/freeRTOS823_Static_Library/Debug/libfreeRTOS823_Static_Library.a(tasks.o)
 .bss.xDelayedTaskList2
                0x00800687        0x9 G:/3_PROGRAMOWANIE/8_C_AVR_Embeded/0_EclipseWorkspace/freeRTOS823_Static_Library/Debug/libfreeRTOS823_Static_Library.a(tasks.o)
 .bss.pxDelayedTaskList
                0x00800690        0x2 G:/3_PROGRAMOWANIE/8_C_AVR_Embeded/0_EclipseWorkspace/freeRTOS823_Static_Library/Debug/libfreeRTOS823_Static_Library.a(tasks.o)
 .bss.pxOverflowDelayedTaskList
                0x00800692        0x2 G:/3_PROGRAMOWANIE/8_C_AVR_Embeded/0_EclipseWorkspace/freeRTOS823_Static_Library/Debug/libfreeRTOS823_Static_Library.a(tasks.o)
 .bss.xPendingReadyList
                0x00800694        0x9 G:/3_PROGRAMOWANIE/8_C_AVR_Embeded/0_EclipseWorkspace/freeRTOS823_Static_Library/Debug/libfreeRTOS823_Static_Library.a(tasks.o)
 .bss.xTasksWaitingTermination
                0x0080069d        0x9 G:/3_PROGRAMOWANIE/8_C_AVR_Embeded/0_EclipseWorkspace/freeRTOS823_Static_Library/Debug/libfreeRTOS823_Static_Library.a(tasks.o)
 .bss.xSuspendedTaskList
                0x008006a6        0x9 G:/3_PROGRAMOWANIE/8_C_AVR_Embeded/0_EclipseWorkspace/freeRTOS823_Static_Library/Debug/libfreeRTOS823_Static_Library.a(tasks.o)
 *(COMMON)
 COMMON         0x008006af        0x4 G:/3_PROGRAMOWANIE/8_C_AVR_Embeded/0_EclipseWorkspace/freeRTOS823_Static_Library/Debug/libfreeRTOS823_Static_Library.a(port.o)
                0x008006af                portTickRateHz
                0x008006b1                ticksRemainingInSec
 COMMON         0x008006b3        0x4 G:/3_PROGRAMOWANIE/8_C_AVR_Embeded/0_EclipseWorkspace/freeRTOS823_Static_Library/Debug/libfreeRTOS823_Static_Library.a(system_time.o)
                0x008006b3                __system_time
 COMMON         0x008006b7        0x4 c:/winavr-20100110/bin/../lib/gcc/avr/4.3.3/../../../../avr/lib/avr5\libc.a(malloc.o)
                0x008006b7                __brkval
                0x008006b9                __flp
                0x008006bb                PROVIDE (__bss_end, .)
                0x000076f4                __data_load_start = LOADADDR (.data)
                0x0000784a                __data_load_end = (__data_load_start + SIZEOF (.data))

.noinit         0x008006bb        0x0
                0x008006bb                PROVIDE (__noinit_start, .)
 *(.noinit*)
                0x008006bb                PROVIDE (__noinit_end, .)
                0x008006bb                _end = .
                0x008006bb                PROVIDE (__heap_start, .)

.eeprom         0x00810000        0x0
 *(.eeprom*)
                0x00810000                __eeprom_end = .

.fuse
 *(.fuse)
 *(.lfuse)
 *(.hfuse)
 *(.efuse)

.lock
 *(.lock*)

.signature
 *(.signature*)

.stab
 *(.stab)

.stabstr
 *(.stabstr)

.stab.excl
 *(.stab.excl)

.stab.exclstr
 *(.stab.exclstr)

.stab.index
 *(.stab.index)

.stab.indexstr
 *(.stab.indexstr)

.comment
 *(.comment)

.debug
 *(.debug)

.line
 *(.line)

.debug_srcinfo
 *(.debug_srcinfo)

.debug_sfnames
 *(.debug_sfnames)

.debug_aranges  0x00000000      0xd08
 *(.debug_aranges)
 .debug_aranges
                0x00000000       0xb8 ./drivers/utils/wire/TwiManager.o
 .debug_aranges
                0x000000b8       0x50 ./drivers/utils/adc/AdcManager.o
 .debug_aranges
                0x00000108       0x90 ./drivers/sensors/tempHumidityDHT22/DhtTalker.o
 .debug_aranges
                0x00000198       0x58 ./drivers/sensors/tempHumidityDHT22/TempHumiditySensor.o
 .debug_aranges
                0x000001f0       0x60 ./drivers/sensors/RainSensor/RainSensor.o
 .debug_aranges
                0x00000250       0xc0 ./drivers/sensors/PressureSensorBMP180/PressureSensor.o
 .debug_aranges
                0x00000310       0x88 ./drivers/sensors/LightSensorBH1750/LightSensor.o
 .debug_aranges
                0x00000398       0x90 ./drivers/sensors/DustSharpGp2y10/DustSensor.o
 .debug_aranges
                0x00000428       0x70 ./drivers/sensors/ISensor.o
 .debug_aranges
                0x00000498       0x50 ./OS/Tasks/Utils/TaskStatsProvider.o
 .debug_aranges
                0x000004e8       0x70 ./OS/Tasks/MeasurementTask/MeasurementTask.o
 .debug_aranges
                0x00000558       0x70 ./OS/Tasks/BlinkTask/BlinkTask.o
 .debug_aranges
                0x000005c8       0x60 ./Configuration/Globals.o
 .debug_aranges
                0x00000628       0x58 ./Application/SensorManagement/SensorManager.o
 .debug_aranges
                0x00000680       0x20 ./main.o
 .debug_aranges
                0x000006a0       0x50 G:/3_PROGRAMOWANIE/8_C_AVR_Embeded/0_EclipseWorkspace/freeRTOS823_Static_Library/Debug/libfreeRTOS823_Static_Library.a(port.o)
 .debug_aranges
                0x000006f0      0x128 G:/3_PROGRAMOWANIE/8_C_AVR_Embeded/0_EclipseWorkspace/freeRTOS823_Static_Library/Debug/libfreeRTOS823_Static_Library.a(serial.o)
 .debug_aranges
                0x00000818       0x70 G:/3_PROGRAMOWANIE/8_C_AVR_Embeded/0_EclipseWorkspace/freeRTOS823_Static_Library/Debug/libfreeRTOS823_Static_Library.a(twi.o)
 .debug_aranges
                0x00000888       0x40 G:/3_PROGRAMOWANIE/8_C_AVR_Embeded/0_EclipseWorkspace/freeRTOS823_Static_Library/Debug/libfreeRTOS823_Static_Library.a(heap_2.o)
 .debug_aranges
                0x000008c8       0xd8 G:/3_PROGRAMOWANIE/8_C_AVR_Embeded/0_EclipseWorkspace/freeRTOS823_Static_Library/Debug/libfreeRTOS823_Static_Library.a(queue.o)
 .debug_aranges
                0x000009a0      0x1a0 G:/3_PROGRAMOWANIE/8_C_AVR_Embeded/0_EclipseWorkspace/freeRTOS823_Static_Library/Debug/libfreeRTOS823_Static_Library.a(tasks.o)
 .debug_aranges
                0x00000b40       0x28 G:/3_PROGRAMOWANIE/8_C_AVR_Embeded/0_EclipseWorkspace/freeRTOS823_Static_Library/Debug/libfreeRTOS823_Static_Library.a(hooks.o)
 .debug_aranges
                0x00000b68       0x40 G:/3_PROGRAMOWANIE/8_C_AVR_Embeded/0_EclipseWorkspace/freeRTOS823_Static_Library/Debug/libfreeRTOS823_Static_Library.a(list.o)
 .debug_aranges
                0x00000ba8       0x20 c:/winavr-20100110/bin/../lib/gcc/avr/4.3.3/avr5\libgcc.a(_fixunssfsi.o)
 .debug_aranges
                0x00000bc8       0x20 c:/winavr-20100110/bin/../lib/gcc/avr/4.3.3/avr5\libgcc.a(_addsub_sf.o)
 .debug_aranges
                0x00000be8       0x20 c:/winavr-20100110/bin/../lib/gcc/avr/4.3.3/avr5\libgcc.a(_mul_sf.o)
 .debug_aranges
                0x00000c08       0x20 c:/winavr-20100110/bin/../lib/gcc/avr/4.3.3/avr5\libgcc.a(_div_sf.o)
 .debug_aranges
                0x00000c28       0x20 c:/winavr-20100110/bin/../lib/gcc/avr/4.3.3/avr5\libgcc.a(_gt_sf.o)
 .debug_aranges
                0x00000c48       0x20 c:/winavr-20100110/bin/../lib/gcc/avr/4.3.3/avr5\libgcc.a(_ge_sf.o)
 .debug_aranges
                0x00000c68       0x20 c:/winavr-20100110/bin/../lib/gcc/avr/4.3.3/avr5\libgcc.a(_lt_sf.o)
 .debug_aranges
                0x00000c88       0x20 c:/winavr-20100110/bin/../lib/gcc/avr/4.3.3/avr5\libgcc.a(_sf_to_si.o)
 .debug_aranges
                0x00000ca8       0x20 c:/winavr-20100110/bin/../lib/gcc/avr/4.3.3/avr5\libgcc.a(_pack_sf.o)
 .debug_aranges
                0x00000cc8       0x20 c:/winavr-20100110/bin/../lib/gcc/avr/4.3.3/avr5\libgcc.a(_unpack_sf.o)
 .debug_aranges
                0x00000ce8       0x20 c:/winavr-20100110/bin/../lib/gcc/avr/4.3.3/avr5\libgcc.a(_fpcmp_parts_sf.o)

.debug_pubnames
                0x00000000     0x2e0c
 *(.debug_pubnames)
 .debug_pubnames
                0x00000000      0x578 ./drivers/utils/wire/TwiManager.o
 .debug_pubnames
                0x00000578      0x151 ./drivers/utils/adc/AdcManager.o
 .debug_pubnames
                0x000006c9      0x2eb ./drivers/sensors/tempHumidityDHT22/DhtTalker.o
 .debug_pubnames
                0x000009b4      0x1dd ./drivers/sensors/tempHumidityDHT22/TempHumiditySensor.o
 .debug_pubnames
                0x00000b91      0x1aa ./drivers/sensors/RainSensor/RainSensor.o
 .debug_pubnames
                0x00000d3b      0x49e ./drivers/sensors/PressureSensorBMP180/PressureSensor.o
 .debug_pubnames
                0x000011d9      0x2eb ./drivers/sensors/LightSensorBH1750/LightSensor.o
 .debug_pubnames
                0x000014c4      0x2cc ./drivers/sensors/DustSharpGp2y10/DustSensor.o
 .debug_pubnames
                0x00001790      0x1db ./drivers/sensors/ISensor.o
 .debug_pubnames
                0x0000196b      0x177 ./OS/Tasks/Utils/TaskStatsProvider.o
 .debug_pubnames
                0x00001ae2      0x195 ./OS/Tasks/MeasurementTask/MeasurementTask.o
 .debug_pubnames
                0x00001c77      0x153 ./OS/Tasks/BlinkTask/BlinkTask.o
 .debug_pubnames
                0x00001dca       0xf4 ./Configuration/Globals.o
 .debug_pubnames
                0x00001ebe      0x20e ./Application/SensorManagement/SensorManager.o
 .debug_pubnames
                0x000020cc       0x1b ./main.o
 .debug_pubnames
                0x000020e7       0xba G:/3_PROGRAMOWANIE/8_C_AVR_Embeded/0_EclipseWorkspace/freeRTOS823_Static_Library/Debug/libfreeRTOS823_Static_Library.a(port.o)
 .debug_pubnames
                0x000021a1       0x24 G:/3_PROGRAMOWANIE/8_C_AVR_Embeded/0_EclipseWorkspace/freeRTOS823_Static_Library/Debug/libfreeRTOS823_Static_Library.a(system_time.o)
 .debug_pubnames
                0x000021c5      0x2e5 G:/3_PROGRAMOWANIE/8_C_AVR_Embeded/0_EclipseWorkspace/freeRTOS823_Static_Library/Debug/libfreeRTOS823_Static_Library.a(serial.o)
 .debug_pubnames
                0x000024aa       0xd8 G:/3_PROGRAMOWANIE/8_C_AVR_Embeded/0_EclipseWorkspace/freeRTOS823_Static_Library/Debug/libfreeRTOS823_Static_Library.a(twi.o)
 .debug_pubnames
                0x00002582       0x64 G:/3_PROGRAMOWANIE/8_C_AVR_Embeded/0_EclipseWorkspace/freeRTOS823_Static_Library/Debug/libfreeRTOS823_Static_Library.a(heap_2.o)
 .debug_pubnames
                0x000025e6      0x1f7 G:/3_PROGRAMOWANIE/8_C_AVR_Embeded/0_EclipseWorkspace/freeRTOS823_Static_Library/Debug/libfreeRTOS823_Static_Library.a(queue.o)
 .debug_pubnames
                0x000027dd      0x3e1 G:/3_PROGRAMOWANIE/8_C_AVR_Embeded/0_EclipseWorkspace/freeRTOS823_Static_Library/Debug/libfreeRTOS823_Static_Library.a(tasks.o)
 .debug_pubnames
                0x00002bbe       0x4d G:/3_PROGRAMOWANIE/8_C_AVR_Embeded/0_EclipseWorkspace/freeRTOS823_Static_Library/Debug/libfreeRTOS823_Static_Library.a(hooks.o)
 .debug_pubnames
                0x00002c0b       0x72 G:/3_PROGRAMOWANIE/8_C_AVR_Embeded/0_EclipseWorkspace/freeRTOS823_Static_Library/Debug/libfreeRTOS823_Static_Library.a(list.o)
 .debug_pubnames
                0x00002c7d       0x23 c:/winavr-20100110/bin/../lib/gcc/avr/4.3.3/avr5\libgcc.a(_fixunssfsi.o)
 .debug_pubnames
                0x00002ca0       0x2c c:/winavr-20100110/bin/../lib/gcc/avr/4.3.3/avr5\libgcc.a(_addsub_sf.o)
 .debug_pubnames
                0x00002ccc       0x1f c:/winavr-20100110/bin/../lib/gcc/avr/4.3.3/avr5\libgcc.a(_mul_sf.o)
 .debug_pubnames
                0x00002ceb       0x1f c:/winavr-20100110/bin/../lib/gcc/avr/4.3.3/avr5\libgcc.a(_div_sf.o)
 .debug_pubnames
                0x00002d0a       0x1e c:/winavr-20100110/bin/../lib/gcc/avr/4.3.3/avr5\libgcc.a(_gt_sf.o)
 .debug_pubnames
                0x00002d28       0x1e c:/winavr-20100110/bin/../lib/gcc/avr/4.3.3/avr5\libgcc.a(_ge_sf.o)
 .debug_pubnames
                0x00002d46       0x1e c:/winavr-20100110/bin/../lib/gcc/avr/4.3.3/avr5\libgcc.a(_lt_sf.o)
 .debug_pubnames
                0x00002d64       0x20 c:/winavr-20100110/bin/../lib/gcc/avr/4.3.3/avr5\libgcc.a(_sf_to_si.o)
 .debug_pubnames
                0x00002d84       0x22 c:/winavr-20100110/bin/../lib/gcc/avr/4.3.3/avr5\libgcc.a(_thenan_sf.o)
 .debug_pubnames
                0x00002da6       0x1f c:/winavr-20100110/bin/../lib/gcc/avr/4.3.3/avr5\libgcc.a(_pack_sf.o)
 .debug_pubnames
                0x00002dc5       0x21 c:/winavr-20100110/bin/../lib/gcc/avr/4.3.3/avr5\libgcc.a(_unpack_sf.o)
 .debug_pubnames
                0x00002de6       0x26 c:/winavr-20100110/bin/../lib/gcc/avr/4.3.3/avr5\libgcc.a(_fpcmp_parts_sf.o)

.debug_info     0x00000000     0xd8e7
 *(.debug_info)
 .debug_info    0x00000000      0x94c ./drivers/utils/wire/TwiManager.o
 .debug_info    0x0000094c      0x36e ./drivers/utils/adc/AdcManager.o
 .debug_info    0x00000cba      0xa0e ./drivers/sensors/tempHumidityDHT22/DhtTalker.o
 .debug_info    0x000016c8      0x552 ./drivers/sensors/tempHumidityDHT22/TempHumiditySensor.o
 .debug_info    0x00001c1a      0x52d ./drivers/sensors/RainSensor/RainSensor.o
 .debug_info    0x00002147      0xe89 ./drivers/sensors/PressureSensorBMP180/PressureSensor.o
 .debug_info    0x00002fd0      0x977 ./drivers/sensors/LightSensorBH1750/LightSensor.o
 .debug_info    0x00003947      0x9bf ./drivers/sensors/DustSharpGp2y10/DustSensor.o
 .debug_info    0x00004306      0x4fe ./drivers/sensors/ISensor.o
 .debug_info    0x00004804      0x4c1 ./OS/Tasks/Utils/TaskStatsProvider.o
 .debug_info    0x00004cc5      0xba9 ./OS/Tasks/MeasurementTask/MeasurementTask.o
 .debug_info    0x0000586e      0x7ec ./OS/Tasks/BlinkTask/BlinkTask.o
 .debug_info    0x0000605a      0x39d ./Configuration/Globals.o
 .debug_info    0x000063f7      0x765 ./Application/SensorManagement/SensorManager.o
 .debug_info    0x00006b5c      0xdea ./main.o
 .debug_info    0x00007946      0x209 G:/3_PROGRAMOWANIE/8_C_AVR_Embeded/0_EclipseWorkspace/freeRTOS823_Static_Library/Debug/libfreeRTOS823_Static_Library.a(port.o)
 .debug_info    0x00007b4f       0x8b G:/3_PROGRAMOWANIE/8_C_AVR_Embeded/0_EclipseWorkspace/freeRTOS823_Static_Library/Debug/libfreeRTOS823_Static_Library.a(system_time.o)
 .debug_info    0x00007bda     0x139a G:/3_PROGRAMOWANIE/8_C_AVR_Embeded/0_EclipseWorkspace/freeRTOS823_Static_Library/Debug/libfreeRTOS823_Static_Library.a(serial.o)
 .debug_info    0x00008f74      0x3c2 G:/3_PROGRAMOWANIE/8_C_AVR_Embeded/0_EclipseWorkspace/freeRTOS823_Static_Library/Debug/libfreeRTOS823_Static_Library.a(twi.o)
 .debug_info    0x00009336      0x2b8 G:/3_PROGRAMOWANIE/8_C_AVR_Embeded/0_EclipseWorkspace/freeRTOS823_Static_Library/Debug/libfreeRTOS823_Static_Library.a(heap_2.o)
 .debug_info    0x000095ee      0xb19 G:/3_PROGRAMOWANIE/8_C_AVR_Embeded/0_EclipseWorkspace/freeRTOS823_Static_Library/Debug/libfreeRTOS823_Static_Library.a(queue.o)
 .debug_info    0x0000a107     0x138e G:/3_PROGRAMOWANIE/8_C_AVR_Embeded/0_EclipseWorkspace/freeRTOS823_Static_Library/Debug/libfreeRTOS823_Static_Library.a(tasks.o)
 .debug_info    0x0000b495      0x16e G:/3_PROGRAMOWANIE/8_C_AVR_Embeded/0_EclipseWorkspace/freeRTOS823_Static_Library/Debug/libfreeRTOS823_Static_Library.a(hooks.o)
 .debug_info    0x0000b603      0x29f G:/3_PROGRAMOWANIE/8_C_AVR_Embeded/0_EclipseWorkspace/freeRTOS823_Static_Library/Debug/libfreeRTOS823_Static_Library.a(list.o)
 .debug_info    0x0000b8a2       0xb1 c:/winavr-20100110/bin/../lib/gcc/avr/4.3.3/avr5\libgcc.a(_fixunssfsi.o)
 .debug_info    0x0000b953      0x47a c:/winavr-20100110/bin/../lib/gcc/avr/4.3.3/avr5\libgcc.a(_addsub_sf.o)
 .debug_info    0x0000bdcd      0x485 c:/winavr-20100110/bin/../lib/gcc/avr/4.3.3/avr5\libgcc.a(_mul_sf.o)
 .debug_info    0x0000c252      0x3fc c:/winavr-20100110/bin/../lib/gcc/avr/4.3.3/avr5\libgcc.a(_div_sf.o)
 .debug_info    0x0000c64e      0x27f c:/winavr-20100110/bin/../lib/gcc/avr/4.3.3/avr5\libgcc.a(_gt_sf.o)
 .debug_info    0x0000c8cd      0x27f c:/winavr-20100110/bin/../lib/gcc/avr/4.3.3/avr5\libgcc.a(_ge_sf.o)
 .debug_info    0x0000cb4c      0x27f c:/winavr-20100110/bin/../lib/gcc/avr/4.3.3/avr5\libgcc.a(_lt_sf.o)
 .debug_info    0x0000cdcb      0x2b0 c:/winavr-20100110/bin/../lib/gcc/avr/4.3.3/avr5\libgcc.a(_sf_to_si.o)
 .debug_info    0x0000d07b      0x12c c:/winavr-20100110/bin/../lib/gcc/avr/4.3.3/avr5\libgcc.a(_thenan_sf.o)
 .debug_info    0x0000d1a7      0x2df c:/winavr-20100110/bin/../lib/gcc/avr/4.3.3/avr5\libgcc.a(_pack_sf.o)
 .debug_info    0x0000d486      0x251 c:/winavr-20100110/bin/../lib/gcc/avr/4.3.3/avr5\libgcc.a(_unpack_sf.o)
 .debug_info    0x0000d6d7      0x210 c:/winavr-20100110/bin/../lib/gcc/avr/4.3.3/avr5\libgcc.a(_fpcmp_parts_sf.o)
 *(.gnu.linkonce.wi.*)

.debug_abbrev   0x00000000     0x41f6
 *(.debug_abbrev)
 .debug_abbrev  0x00000000      0x2bb ./drivers/utils/wire/TwiManager.o
 .debug_abbrev  0x000002bb      0x1d8 ./drivers/utils/adc/AdcManager.o
 .debug_abbrev  0x00000493      0x31f ./drivers/sensors/tempHumidityDHT22/DhtTalker.o
 .debug_abbrev  0x000007b2      0x259 ./drivers/sensors/tempHumidityDHT22/TempHumiditySensor.o
 .debug_abbrev  0x00000a0b      0x21e ./drivers/sensors/RainSensor/RainSensor.o
 .debug_abbrev  0x00000c29      0x373 ./drivers/sensors/PressureSensorBMP180/PressureSensor.o
 .debug_abbrev  0x00000f9c      0x2ca ./drivers/sensors/LightSensorBH1750/LightSensor.o
 .debug_abbrev  0x00001266      0x2e2 ./drivers/sensors/DustSharpGp2y10/DustSensor.o
 .debug_abbrev  0x00001548      0x22e ./drivers/sensors/ISensor.o
 .debug_abbrev  0x00001776      0x222 ./OS/Tasks/Utils/TaskStatsProvider.o
 .debug_abbrev  0x00001998      0x35e ./OS/Tasks/MeasurementTask/MeasurementTask.o
 .debug_abbrev  0x00001cf6      0x2cc ./OS/Tasks/BlinkTask/BlinkTask.o
 .debug_abbrev  0x00001fc2      0x186 ./Configuration/Globals.o
 .debug_abbrev  0x00002148      0x283 ./Application/SensorManagement/SensorManager.o
 .debug_abbrev  0x000023cb      0x236 ./main.o
 .debug_abbrev  0x00002601       0xf2 G:/3_PROGRAMOWANIE/8_C_AVR_Embeded/0_EclipseWorkspace/freeRTOS823_Static_Library/Debug/libfreeRTOS823_Static_Library.a(port.o)
 .debug_abbrev  0x000026f3       0x4f G:/3_PROGRAMOWANIE/8_C_AVR_Embeded/0_EclipseWorkspace/freeRTOS823_Static_Library/Debug/libfreeRTOS823_Static_Library.a(system_time.o)
 .debug_abbrev  0x00002742      0x24a G:/3_PROGRAMOWANIE/8_C_AVR_Embeded/0_EclipseWorkspace/freeRTOS823_Static_Library/Debug/libfreeRTOS823_Static_Library.a(serial.o)
 .debug_abbrev  0x0000298c      0x166 G:/3_PROGRAMOWANIE/8_C_AVR_Embeded/0_EclipseWorkspace/freeRTOS823_Static_Library/Debug/libfreeRTOS823_Static_Library.a(twi.o)
 .debug_abbrev  0x00002af2      0x159 G:/3_PROGRAMOWANIE/8_C_AVR_Embeded/0_EclipseWorkspace/freeRTOS823_Static_Library/Debug/libfreeRTOS823_Static_Library.a(heap_2.o)
 .debug_abbrev  0x00002c4b      0x174 G:/3_PROGRAMOWANIE/8_C_AVR_Embeded/0_EclipseWorkspace/freeRTOS823_Static_Library/Debug/libfreeRTOS823_Static_Library.a(queue.o)
 .debug_abbrev  0x00002dbf      0x194 G:/3_PROGRAMOWANIE/8_C_AVR_Embeded/0_EclipseWorkspace/freeRTOS823_Static_Library/Debug/libfreeRTOS823_Static_Library.a(tasks.o)
 .debug_abbrev  0x00002f53       0xe8 G:/3_PROGRAMOWANIE/8_C_AVR_Embeded/0_EclipseWorkspace/freeRTOS823_Static_Library/Debug/libfreeRTOS823_Static_Library.a(hooks.o)
 .debug_abbrev  0x0000303b       0xba G:/3_PROGRAMOWANIE/8_C_AVR_Embeded/0_EclipseWorkspace/freeRTOS823_Static_Library/Debug/libfreeRTOS823_Static_Library.a(list.o)
 .debug_abbrev  0x000030f5       0x5d c:/winavr-20100110/bin/../lib/gcc/avr/4.3.3/avr5\libgcc.a(_fixunssfsi.o)
 .debug_abbrev  0x00003152      0x1ea c:/winavr-20100110/bin/../lib/gcc/avr/4.3.3/avr5\libgcc.a(_addsub_sf.o)
 .debug_abbrev  0x0000333c      0x21b c:/winavr-20100110/bin/../lib/gcc/avr/4.3.3/avr5\libgcc.a(_mul_sf.o)
 .debug_abbrev  0x00003557      0x216 c:/winavr-20100110/bin/../lib/gcc/avr/4.3.3/avr5\libgcc.a(_div_sf.o)
 .debug_abbrev  0x0000376d      0x15a c:/winavr-20100110/bin/../lib/gcc/avr/4.3.3/avr5\libgcc.a(_gt_sf.o)
 .debug_abbrev  0x000038c7      0x15a c:/winavr-20100110/bin/../lib/gcc/avr/4.3.3/avr5\libgcc.a(_ge_sf.o)
 .debug_abbrev  0x00003a21      0x15a c:/winavr-20100110/bin/../lib/gcc/avr/4.3.3/avr5\libgcc.a(_lt_sf.o)
 .debug_abbrev  0x00003b7b      0x17f c:/winavr-20100110/bin/../lib/gcc/avr/4.3.3/avr5\libgcc.a(_sf_to_si.o)
 .debug_abbrev  0x00003cfa       0xad c:/winavr-20100110/bin/../lib/gcc/avr/4.3.3/avr5\libgcc.a(_thenan_sf.o)
 .debug_abbrev  0x00003da7      0x1c0 c:/winavr-20100110/bin/../lib/gcc/avr/4.3.3/avr5\libgcc.a(_pack_sf.o)
 .debug_abbrev  0x00003f67      0x154 c:/winavr-20100110/bin/../lib/gcc/avr/4.3.3/avr5\libgcc.a(_unpack_sf.o)
 .debug_abbrev  0x000040bb      0x13b c:/winavr-20100110/bin/../lib/gcc/avr/4.3.3/avr5\libgcc.a(_fpcmp_parts_sf.o)

.debug_line     0x00000000     0xa17f
 *(.debug_line)
 .debug_line    0x00000000      0x53a ./drivers/utils/wire/TwiManager.o
 .debug_line    0x0000053a      0x1cc ./drivers/utils/adc/AdcManager.o
 .debug_line    0x00000706      0x639 ./drivers/sensors/tempHumidityDHT22/DhtTalker.o
 .debug_line    0x00000d3f      0x312 ./drivers/sensors/tempHumidityDHT22/TempHumiditySensor.o
 .debug_line    0x00001051      0x2ef ./drivers/sensors/RainSensor/RainSensor.o